Archive member included to satisfy reference by file (symbol)

libbb/lib.a(appletlib.o)      /home/dev/Projects/rpi5-custom-embedded-linux-platform/sdk/custom-sdk/aarch64-sdk/aarch64-buildroot-linux-gnu/sysroot/usr/lib/../lib64/Scrt1.o (main)
libbb/lib.a(compare_string_array.o)
                              libbb/lib.a(appletlib.o) (is_prefixed_with)
libbb/lib.a(concat_path_file.o)
                              libbb/lib.a(appletlib.o) (concat_path_file)
libbb/lib.a(default_error_retval.o)
                              libbb/lib.a(appletlib.o) (xfunc_error_retval)
libbb/lib.a(get_last_path_component.o)
                              libbb/lib.a(appletlib.o) (bb_basename)
libbb/lib.a(last_char_is.o)   libbb/lib.a(concat_path_file.o) (last_char_is)
libbb/lib.a(llist.o)          libbb/lib.a(appletlib.o) (llist_free)
libbb/lib.a(messages.o)       libbb/lib.a(appletlib.o) (bb_busybox_exec_path)
libbb/lib.a(perror_msg.o)     libbb/lib.a(appletlib.o) (bb_simple_perror_msg)
libbb/lib.a(ptr_to_globals.o)
                              libbb/lib.a(appletlib.o) (bb_errno)
libbb/lib.a(skip_whitespace.o)
                              libbb/lib.a(appletlib.o) (skip_whitespace)
libbb/lib.a(verror_msg.o)     libbb/lib.a(perror_msg.o) (bb_verror_msg)
libbb/lib.a(wfopen.o)         libbb/lib.a(appletlib.o) (fopen_for_read)
libbb/lib.a(xfunc_die.o)      libbb/lib.a(appletlib.o) (xfunc_die)
libbb/lib.a(xfuncs.o)         libbb/lib.a(appletlib.o) (full_write1_str)
libbb/lib.a(xfuncs_printf.o)  libbb/lib.a(wfopen.o) (bb_die_memory_exhausted)
libbb/lib.a(xreadlink.o)      libbb/lib.a(appletlib.o) (xmalloc_readlink)
libbb/lib.a(copyfd.o)         libbb/lib.a(xfuncs_printf.o) (bb_copyfd_eof)
libbb/lib.a(full_write.o)     libbb/lib.a(verror_msg.o) (full_write)
libbb/lib.a(read.o)           libbb/lib.a(copyfd.o) (safe_read)
libbb/lib.a(safe_write.o)     libbb/lib.a(full_write.o) (safe_write)
libbb/lib.a(signals.o)        libbb/lib.a(xfuncs_printf.o) (kill_myself_with_sig)
libbb/lib.a(time.o)           libbb/lib.a(xfuncs_printf.o) (monotonic_us)
libbb/lib.a(xgetcwd.o)        libbb/lib.a(xreadlink.o) (xrealloc_getcwd_or_warn)
libbb/lib.a(bb_strtonum.o)    libbb/lib.a(time.o) (bb_strtoll)
libpwdgrp/lib.a(pwd_grp.o)    libbb/lib.a(appletlib.o) (bb_internal_getpwnam)
libpwdgrp/lib.a(uidgid_get.o)
                              libbb/lib.a(appletlib.o) (get_uidgid)
loginutils/lib.a(add-remove-shell.o)
                              libbb/lib.a(appletlib.o) (add_remove_shell_main)
loginutils/lib.a(addgroup.o)  libbb/lib.a(appletlib.o) (addgroup_main)
loginutils/lib.a(adduser.o)   libbb/lib.a(appletlib.o) (adduser_main)
loginutils/lib.a(chpasswd.o)  libbb/lib.a(appletlib.o) (chpasswd_main)
loginutils/lib.a(cryptpw.o)   libbb/lib.a(appletlib.o) (cryptpw_main)
loginutils/lib.a(deluser.o)   libbb/lib.a(appletlib.o) (deluser_main)
loginutils/lib.a(getty.o)     libbb/lib.a(appletlib.o) (getty_main)
loginutils/lib.a(login.o)     libbb/lib.a(appletlib.o) (login_main)
loginutils/lib.a(passwd.o)    libbb/lib.a(appletlib.o) (passwd_main)
loginutils/lib.a(su.o)        libbb/lib.a(appletlib.o) (su_main)
loginutils/lib.a(sulogin.o)   libbb/lib.a(appletlib.o) (sulogin_main)
loginutils/lib.a(vlock.o)     libbb/lib.a(appletlib.o) (vlock_main)
mailutils/lib.a(makemime.o)   libbb/lib.a(appletlib.o) (makemime_main)
mailutils/lib.a(popmaildir.o)
                              libbb/lib.a(appletlib.o) (popmaildir_main)
mailutils/lib.a(reformime.o)  libbb/lib.a(appletlib.o) (reformime_main)
mailutils/lib.a(sendmail.o)   libbb/lib.a(appletlib.o) (sendmail_main)
mailutils/lib.a(mail.o)       mailutils/lib.a(popmaildir.o) (launch_helper)
miscutils/lib.a(adjtimex.o)   libbb/lib.a(appletlib.o) (adjtimex_main)
miscutils/lib.a(ascii.o)      libbb/lib.a(appletlib.o) (ascii_main)
miscutils/lib.a(bc.o)         libbb/lib.a(appletlib.o) (bc_main)
miscutils/lib.a(beep.o)       libbb/lib.a(appletlib.o) (beep_main)
miscutils/lib.a(chat.o)       libbb/lib.a(appletlib.o) (chat_main)
miscutils/lib.a(conspy.o)     libbb/lib.a(appletlib.o) (conspy_main)
miscutils/lib.a(crond.o)      libbb/lib.a(appletlib.o) (crond_main)
miscutils/lib.a(crontab.o)    libbb/lib.a(appletlib.o) (crontab_main)
miscutils/lib.a(devmem.o)     libbb/lib.a(appletlib.o) (devmem_main)
miscutils/lib.a(fbsplash.o)   libbb/lib.a(appletlib.o) (fbsplash_main)
miscutils/lib.a(getfattr.o)   libbb/lib.a(appletlib.o) (getfattr_main)
miscutils/lib.a(hdparm.o)     libbb/lib.a(appletlib.o) (hdparm_main)
miscutils/lib.a(hexedit.o)    libbb/lib.a(appletlib.o) (hexedit_main)
miscutils/lib.a(i2c_tools.o)  libbb/lib.a(appletlib.o) (i2cget_main)
miscutils/lib.a(less.o)       libbb/lib.a(appletlib.o) (less_main)
miscutils/lib.a(lsscsi.o)     libbb/lib.a(appletlib.o) (lsscsi_main)
miscutils/lib.a(makedevs.o)   libbb/lib.a(appletlib.o) (makedevs_main)
miscutils/lib.a(man.o)        libbb/lib.a(appletlib.o) (man_main)
miscutils/lib.a(microcom.o)   libbb/lib.a(appletlib.o) (microcom_main)
[...]
Memory Configuration

Name             Origin             Length             Attributes
*default*        0x0000000000000000 0xffffffffffffffff

Linker script and memory map

LOAD /home/dev/Projects/rpi5-custom-embedded-linux-platform/sdk/custom-sdk/aarch64-sdk/aarch64-buildroot-linux-gnu/sysroot/usr/lib/../lib64/Scrt1.o
LOAD /home/dev/Projects/rpi5-custom-embedded-linux-platform/sdk/custom-sdk/aarch64-sdk/aarch64-buildroot-linux-gnu/sysroot/usr/lib/../lib64/crti.o
LOAD /home/dev/Projects/rpi5-custom-embedded-linux-platform/sdk/custom-sdk/aarch64-sdk/bin/../lib/gcc/aarch64-buildroot-linux-gnu/14.3.0/crtbeginS.o
START GROUP
LOAD applets/built-in.o
LOAD archival/lib.a
LOAD archival/libarchive/lib.a
LOAD console-tools/lib.a
LOAD coreutils/lib.a
LOAD coreutils/libcoreutils/lib.a
LOAD debianutils/lib.a
LOAD klibc-utils/lib.a
LOAD e2fsprogs/lib.a
LOAD editors/lib.a
LOAD findutils/lib.a
LOAD init/lib.a
LOAD libbb/lib.a
LOAD libpwdgrp/lib.a
LOAD loginutils/lib.a
LOAD mailutils/lib.a
LOAD miscutils/lib.a
LOAD modutils/lib.a
LOAD networking/lib.a
LOAD networking/libiproute/lib.a
LOAD networking/udhcp/lib.a
LOAD printutils/lib.a
LOAD procps/lib.a
LOAD runit/lib.a
LOAD selinux/lib.a
LOAD shell/lib.a
LOAD sysklogd/lib.a
LOAD util-linux/lib.a
LOAD util-linux/volume_id/lib.a
LOAD archival/built-in.o
LOAD archival/libarchive/built-in.o
LOAD console-tools/built-in.o
LOAD coreutils/built-in.o
LOAD coreutils/libcoreutils/built-in.o
LOAD debianutils/built-in.o
LOAD klibc-utils/built-in.o
LOAD e2fsprogs/built-in.o
LOAD editors/built-in.o
LOAD findutils/built-in.o
LOAD init/built-in.o
LOAD libbb/built-in.o
LOAD libpwdgrp/built-in.o
LOAD loginutils/built-in.o
LOAD mailutils/built-in.o
LOAD miscutils/built-in.o
LOAD modutils/built-in.o
LOAD networking/built-in.o
LOAD networking/libiproute/built-in.o
LOAD networking/udhcp/built-in.o
LOAD printutils/built-in.o
LOAD procps/built-in.o
LOAD runit/built-in.o
LOAD selinux/built-in.o
LOAD shell/built-in.o
LOAD sysklogd/built-in.o
LOAD util-linux/built-in.o
LOAD util-linux/volume_id/built-in.o
END GROUP
START GROUP
LOAD /home/dev/Projects/rpi5-custom-embedded-linux-platform/sdk/custom-sdk/aarch64-sdk/aarch64-buildroot-linux-gnu/sysroot/usr/lib/../lib64/libm.so
START GROUP
LOAD /home/dev/Projects/rpi5-custom-embedded-linux-platform/sdk/custom-sdk/aarch64-sdk/aarch64-buildroot-linux-gnu/sysroot/lib64/libm.so.6
LOAD /home/dev/Projects/rpi5-custom-embedded-linux-platform/sdk/custom-sdk/aarch64-sdk/aarch64-buildroot-linux-gnu/sysroot/lib64/libmvec.so.1
END GROUP
LOAD /home/dev/Projects/rpi5-custom-embedded-linux-platform/sdk/custom-sdk/aarch64-sdk/aarch64-buildroot-linux-gnu/sysroot/usr/lib/../lib64/libresolv.so
END GROUP
LOAD /home/dev/Projects/rpi5-custom-embedded-linux-platform/sdk/custom-sdk/aarch64-sdk/bin/../lib/gcc/aarch64-buildroot-linux-gnu/14.3.0/libgcc.a
LOAD /home/dev/Projects/rpi5-custom-embedded-linux-platform/sdk/custom-sdk/aarch64-sdk/bin/../lib/gcc/aarch64-buildroot-linux-gnu/14.3.0/libgcc_eh.a
LOAD /home/dev/Projects/rpi5-custom-embedded-linux-platform/sdk/custom-sdk/aarch64-sdk/aarch64-buildroot-linux-gnu/sysroot/usr/lib/../lib64/libc.so
START GROUP
LOAD /home/dev/Projects/rpi5-custom-embedded-linux-platform/sdk/custom-sdk/aarch64-sdk/aarch64-buildroot-linux-gnu/sysroot/lib64/libc.so.6
LOAD /home/dev/Projects/rpi5-custom-embedded-linux-platform/sdk/custom-sdk/aarch64-sdk/aarch64-buildroot-linux-gnu/sysroot/usr/lib64/libc_nonshared.a
LOAD /home/dev/Projects/rpi5-custom-embedded-linux-platform/sdk/custom-sdk/aarch64-sdk/aarch64-buildroot-linux-gnu/sysroot/lib/ld-linux-aarch64.so.1
END GROUP
LOAD /home/dev/Projects/rpi5-custom-embedded-linux-platform/sdk/custom-sdk/aarch64-sdk/bin/../lib/gcc/aarch64-buildroot-linux-gnu/14.3.0/libgcc.a
LOAD /home/dev/Projects/rpi5-custom-embedded-linux-platform/sdk/custom-sdk/aarch64-sdk/bin/../lib/gcc/aarch64-buildroot-linux-gnu/14.3.0/libgcc_eh.a
LOAD /home/dev/Projects/rpi5-custom-embedded-linux-platform/sdk/custom-sdk/aarch64-sdk/bin/../lib/gcc/aarch64-buildroot-linux-gnu/14.3.0/crtendS.o
LOAD /home/dev/Projects/rpi5-custom-embedded-linux-platform/sdk/custom-sdk/aarch64-sdk/aarch64-buildroot-linux-gnu/sysroot/usr/lib/../lib64/crtn.o
                [!provide]                        PROVIDE (__executable_start = SEGMENT_START ("text-segment", 0x0))
                0x0000000000000238                . = (SEGMENT_START ("text-segment", 0x0) + SIZEOF_HEADERS)

.interp         0x0000000000000238       0x1b
 *(SORT_BY_ALIGNMENT(.interp))
 .interp        0x0000000000000238       0x1b /home/dev/Projects/rpi5-custom-embedded-linux-platform/sdk/custom-sdk/aarch64-sdk/aarch64-buildroot-linux-gnu/sysroot/usr/lib/../lib64/Scrt1.o

.note.ABI-tag   0x0000000000000254       0x20
 .note.ABI-tag  0x0000000000000254       0x20 /home/dev/Projects/rpi5-custom-embedded-linux-platform/sdk/custom-sdk/aarch64-sdk/aarch64-buildroot-linux-gnu/sysroot/usr/lib/../lib64/Scrt1.o

.note.gnu.build-id
 *(SORT_BY_ALIGNMENT(.note.gnu.build-id))

.hash           0x0000000000000278      0xa90
 *(SORT_BY_ALIGNMENT(.hash))
 .hash          0x0000000000000278      0xa90 /home/dev/Projects/rpi5-custom-embedded-linux-platform/sdk/custom-sdk/aarch64-sdk/aarch64-buildroot-linux-gnu/sysroot/usr/lib/../lib64/Scrt1.o

.gnu.hash       0x0000000000000d08       0x1c
 *(SORT_BY_ALIGNMENT(.gnu.hash))
 .gnu.hash      0x0000000000000d08       0x1c /home/dev/Projects/rpi5-custom-embedded-linux-platform/sdk/custom-sdk/aarch64-sdk/aarch64-buildroot-linux-gnu/sysroot/usr/lib/../lib64/Scrt1.o

.dynsym         0x0000000000000d28     0x2688
 *(SORT_BY_ALIGNMENT(.dynsym))
 .dynsym        0x0000000000000d28     0x2688 /home/dev/Projects/rpi5-custom-embedded-linux-platform/sdk/custom-sdk/aarch64-sdk/aarch64-buildroot-linux-gnu/sysroot/usr/lib/../lib64/Scrt1.o

.dynstr         0x00000000000033b0      0xe66
 *(SORT_BY_ALIGNMENT(.dynstr))
 .dynstr        0x00000000000033b0      0xe66 /home/dev/Projects/rpi5-custom-embedded-linux-platform/sdk/custom-sdk/aarch64-sdk/aarch64-buildroot-linux-gnu/sysroot/usr/lib/../lib64/Scrt1.o

.gnu.version    0x0000000000004216      0x336
 *(SORT_BY_ALIGNMENT(.gnu.version))
 .gnu.version   0x0000000000004216      0x336 /home/dev/Projects/rpi5-custom-embedded-linux-platform/sdk/custom-sdk/aarch64-sdk/aarch64-buildroot-linux-gnu/sysroot/usr/lib/../lib64/Scrt1.o

.gnu.version_d  0x0000000000004550        0x0
 *(SORT_BY_ALIGNMENT(.gnu.version_d))
 .gnu.version_d
                0x0000000000004550        0x0 /home/dev/Projects/rpi5-custom-embedded-linux-platform/sdk/custom-sdk/aarch64-sdk/aarch64-buildroot-linux-gnu/sysroot/usr/lib/../lib64/Scrt1.o

.gnu.version_r  0x0000000000004550       0xf0
 *(SORT_BY_ALIGNMENT(.gnu.version_r))
 .gnu.version_r
                0x0000000000004550       0xf0 /home/dev/Projects/rpi5-custom-embedded-linux-platform/sdk/custom-sdk/aarch64-sdk/aarch64-buildroot-linux-gnu/sysroot/usr/lib/../lib64/Scrt1.o

.rela.dyn       0x0000000000004640     0x7c20
 *(SORT_BY_ALIGNMENT(.rela.init))
 *(SORT_BY_ALIGNMENT(.rela.text) SORT_BY_ALIGNMENT(.rela.text.*) SORT_BY_ALIGNMENT(.rela.gnu.linkonce.t.*))
 *(SORT_BY_ALIGNMENT(.rela.fini))
 *(SORT_BY_ALIGNMENT(.rela.rodata) SORT_BY_ALIGNMENT(.rela.rodata.*) SORT_BY_ALIGNMENT(.rela.gnu.linkonce.r.*))
 *(SORT_BY_ALIGNMENT(.rela.data) SORT_BY_ALIGNMENT(.rela.data.*) SORT_BY_ALIGNMENT(.rela.gnu.linkonce.d.*))
 .rela.data.rel.ro
                0x0000000000004640        0x0 /home/dev/Projects/rpi5-custom-embedded-linux-platform/sdk/custom-sdk/aarch64-sdk/aarch64-buildroot-linux-gnu/sysroot/usr/lib/../lib64/Scrt1.o
 .rela.data.rel.local
                0x0000000000004640       0x18 /home/dev/Projects/rpi5-custom-embedded-linux-platform/sdk/custom-sdk/aarch64-sdk/aarch64-buildroot-linux-gnu/sysroot/usr/lib/../lib64/Scrt1.o
 .rela.data.rel.ro.local.install_dir
                0x0000000000004658       0x78 /home/dev/Projects/rpi5-custom-embedded-linux-platform/sdk/custom-sdk/aarch64-sdk/aarch64-buildroot-linux-gnu/sysroot/usr/lib/../lib64/Scrt1.o
 .rela.data.rel.ro.applet_main
                0x00000000000046d0     0x25c8 /home/dev/Projects/rpi5-custom-embedded-linux-platform/sdk/custom-sdk/aarch64-sdk/aarch64-buildroot-linux-gnu/sysroot/usr/lib/../lib64/Scrt1.o
 .rela.data.rel.local.msg_eol
                0x0000000000006c98       0x18 /home/dev/Projects/rpi5-custom-embedded-linux-platform/sdk/custom-sdk/aarch64-sdk/aarch64-buildroot-linux-gnu/sysroot/usr/lib/../lib64/Scrt1.o
 .rela.data.rel.ro.local.const_sp_db
                0x0000000000006cb0       0x18 /home/dev/Projects/rpi5-custom-embedded-linux-platform/sdk/custom-sdk/aarch64-sdk/aarch64-buildroot-linux-gnu/sysroot/usr/lib/../lib64/Scrt1.o
 .rela.data.rel.ro.local.const_gr_db
                0x0000000000006cc8       0x18 /home/dev/Projects/rpi5-custom-embedded-linux-platform/sdk/custom-sdk/aarch64-sdk/aarch64-buildroot-linux-gnu/sysroot/usr/lib/../lib64/Scrt1.o
 .rela.data.rel.ro.local.const_pw_db
                0x0000000000006ce0       0x18 /home/dev/Projects/rpi5-custom-embedded-linux-platform/sdk/custom-sdk/aarch64-sdk/aarch64-buildroot-linux-gnu/sysroot/usr/lib/../lib64/Scrt1.o
 .rela.data.rel.ro.local.msg.2
                0x0000000000006cf8       0x48 /home/dev/Projects/rpi5-custom-embedded-linux-platform/sdk/custom-sdk/aarch64-sdk/aarch64-buildroot-linux-gnu/sysroot/usr/lib/../lib64/Scrt1.o
 .rela.data.rel.ro.local.zxc_program_ops
                0x0000000000006d40       0x90 /home/dev/Projects/rpi5-custom-embedded-linux-platform/sdk/custom-sdk/aarch64-sdk/aarch64-buildroot-linux-gnu/sysroot/usr/lib/../lib64/Scrt1.o
 .rela.data.rel.ro.local.SpecAry.0
                0x0000000000006dd0       0xc0 /home/dev/Projects/rpi5-custom-embedded-linux-platform/sdk/custom-sdk/aarch64-sdk/aarch64-buildroot-linux-gnu/sysroot/usr/lib/../lib64/Scrt1.o
 .rela.data.rel.ro.local.ultra_modes2.0
                0x0000000000006e90       0x18 /home/dev/Projects/rpi5-custom-embedded-linux-platform/sdk/custom-sdk/aarch64-sdk/aarch64-buildroot-linux-gnu/sysroot/usr/lib/../lib64/Scrt1.o
 .rela.data.rel.ro.local.ultra_modes1.1
                0x0000000000006ea8       0x18 /home/dev/Projects/rpi5-custom-embedded-linux-platform/sdk/custom-sdk/aarch64-sdk/aarch64-buildroot-linux-gnu/sysroot/usr/lib/../lib64/Scrt1.o
 .rela.data.rel.ro.local.pio_modes.3
                0x0000000000006ec0       0x18 /home/dev/Projects/rpi5-custom-embedded-linux-platform/sdk/custom-sdk/aarch64-sdk/aarch64-buildroot-linux-gnu/sysroot/usr/lib/../lib64/Scrt1.o
 .rela.data.rel.ro.local.i2c_funcs_tab
                0x0000000000006ed8      0x168 /home/dev/Projects/rpi5-custom-embedded-linux-platform/sdk/custom-sdk/aarch64-sdk/aarch64-buildroot-linux-gnu/sysroot/usr/lib/../lib64/Scrt1.o
 .rela.data.rel.ro.local.adap_descs
                0x0000000000007040       0xc0 /home/dev/Projects/rpi5-custom-embedded-linux-platform/sdk/custom-sdk/aarch64-sdk/aarch64-buildroot-linux-gnu/sysroot/usr/lib/../lib64/Scrt1.o
 .rela.data.rel.ro.local.mpl.0
                0x0000000000007100       0x30 /home/dev/Projects/rpi5-custom-embedded-linux-platform/sdk/custom-sdk/aarch64-sdk/aarch64-buildroot-linux-gnu/sysroot/usr/lib/../lib64/Scrt1.o
 .rela.data.rel.ro.local.shortcuts
                0x0000000000007130      0x138 /home/dev/Projects/rpi5-custom-embedded-linux-platform/sdk/custom-sdk/aarch64-sdk/aarch64-buildroot-linux-gnu/sysroot/usr/lib/../lib64/Scrt1.o
 .rela.data.rel.ro.local.http_response
                0x0000000000007268      0x1e0 /home/dev/Projects/rpi5-custom-embedded-linux-platform/sdk/custom-sdk/aarch64-sdk/aarch64-buildroot-linux-gnu/sysroot/usr/lib/../lib64/Scrt1.o
 .rela.data.rel.ro.local.OptArray
                0x0000000000007448      0x228 /home/dev/Projects/rpi5-custom-embedded-linux-platform/sdk/custom-sdk/aarch64-sdk/aarch64-buildroot-linux-gnu/sysroot/usr/lib/../lib64/Scrt1.o
 .rela.data.rel.ro.local.Arg1Opt
                0x0000000000007670      0x180 /home/dev/Projects/rpi5-custom-embedded-linux-platform/sdk/custom-sdk/aarch64-sdk/aarch64-buildroot-linux-gnu/sysroot/usr/lib/../lib64/Scrt1.o
 .rela.data.rel.ro.local.method_table
                0x00000000000077f0       0xf0 /home/dev/Projects/rpi5-custom-embedded-linux-platform/sdk/custom-sdk/aarch64-sdk/aarch64-buildroot-linux-gnu/sysroot/usr/lib/../lib64/Scrt1.o
 .rela.data.rel.ro.local.addr_fams.0
                0x00000000000078e0       0x48 /home/dev/Projects/rpi5-custom-embedded-linux-platform/sdk/custom-sdk/aarch64-sdk/aarch64-buildroot-linux-gnu/sysroot/usr/lib/../lib64/Scrt1.o
 .rela.data.rel.ro.local.addr_link
                0x0000000000007928       0x30 /home/dev/Projects/rpi5-custom-embedded-linux-platform/sdk/custom-sdk/aarch64-sdk/aarch64-buildroot-linux-gnu/sysroot/usr/lib/../lib64/Scrt1.o
 .rela.data.rel.ro.local.link_methods
                0x0000000000007958       0x48 /home/dev/Projects/rpi5-custom-embedded-linux-platform/sdk/custom-sdk/aarch64-sdk/aarch64-buildroot-linux-gnu/sysroot/usr/lib/../lib64/Scrt1.o
 .rela.data.rel.ro.local.addr_inet
                0x00000000000079a0       0x30 /home/dev/Projects/rpi5-custom-embedded-linux-platform/sdk/custom-sdk/aarch64-sdk/aarch64-buildroot-linux-gnu/sysroot/usr/lib/../lib64/Scrt1.o
 .rela.data.rel.ro.local.methods
                0x00000000000079d0      0x1f8 /home/dev/Projects/rpi5-custom-embedded-linux-platform/sdk/custom-sdk/aarch64-sdk/aarch64-buildroot-linux-gnu/sysroot/usr/lib/../lib64/Scrt1.o
 .rela.data.rel.ro.local.addr_inet6
                0x0000000000007bc8       0x30 /home/dev/Projects/rpi5-custom-embedded-linux-platform/sdk/custom-sdk/aarch64-sdk/aarch64-buildroot-linux-gnu/sysroot/usr/lib/../lib64/Scrt1.o
 .rela.data.rel.ro.local.methods6
                0x0000000000007bf8      0x120 /home/dev/Projects/rpi5-custom-embedded-linux-platform/sdk/custom-sdk/aarch64-sdk/aarch64-buildroot-linux-gnu/sysroot/usr/lib/../lib64/Scrt1.o
 .rela.data.rel.ro.local.builtins
                0x0000000000007d18       0xf0 /home/dev/Projects/rpi5-custom-embedded-linux-platform/sdk/custom-sdk/aarch64-sdk/aarch64-buildroot-linux-gnu/sysroot/usr/lib/../lib64/Scrt1.o
 .rela.data.rel.ro.local.if_port_text
                0x0000000000007e08       0xa8 /home/dev/Projects/rpi5-custom-embedded-linux-platform/sdk/custom-sdk/aarch64-sdk/aarch64-buildroot-linux-gnu/sysroot/usr/lib/../lib64/Scrt1.o
 .rela.data.rel.ro.local.hwtypes
                0x0000000000007eb0       0x90 /home/dev/Projects/rpi5-custom-embedded-linux-platform/sdk/custom-sdk/aarch64-sdk/aarch64-buildroot-linux-gnu/sysroot/usr/lib/../lib64/Scrt1.o
 .rela.data.rel.ro.local.ib_hwtype
                0x0000000000007f40       0x60 /home/dev/Projects/rpi5-custom-embedded-linux-platform/sdk/custom-sdk/aarch64-sdk/aarch64-buildroot-linux-gnu/sysroot/usr/lib/../lib64/Scrt1.o
 .rela.data.rel.ro.local.sit_hwtype
                0x0000000000007fa0       0x48 /home/dev/Projects/rpi5-custom-embedded-linux-platform/sdk/custom-sdk/aarch64-sdk/aarch64-buildroot-linux-gnu/sysroot/usr/lib/../lib64/Scrt1.o
 .rela.data.rel.ro.local.ppp_hwtype
                0x0000000000007fe8       0x30 /home/dev/Projects/rpi5-custom-embedded-linux-platform/sdk/custom-sdk/aarch64-sdk/aarch64-buildroot-linux-gnu/sysroot/usr/lib/../lib64/Scrt1.o
 .rela.data.rel.ro.local.ether_hwtype
                0x0000000000008018       0x60 /home/dev/Projects/rpi5-custom-embedded-linux-platform/sdk/custom-sdk/aarch64-sdk/aarch64-buildroot-linux-gnu/sysroot/usr/lib/../lib64/Scrt1.o
 .rela.data.rel.ro.local.loop_hwtype
                0x0000000000008078       0x30 /home/dev/Projects/rpi5-custom-embedded-linux-platform/sdk/custom-sdk/aarch64-sdk/aarch64-buildroot-linux-gnu/sysroot/usr/lib/../lib64/Scrt1.o
 .rela.data.rel.ro.local.unspec_hwtype
                0x00000000000080a8       0x48 /home/dev/Projects/rpi5-custom-embedded-linux-platform/sdk/custom-sdk/aarch64-sdk/aarch64-buildroot-linux-gnu/sysroot/usr/lib/../lib64/Scrt1.o
 .rela.data.rel.ro.local.ss_fmt
                0x00000000000080f0       0x48 /home/dev/Projects/rpi5-custom-embedded-linux-platform/sdk/custom-sdk/aarch64-sdk/aarch64-buildroot-linux-gnu/sysroot/usr/lib/../lib64/Scrt1.o
 .rela.data.rel.ro.local.aftypes
                0x0000000000008138       0x48 /home/dev/Projects/rpi5-custom-embedded-linux-platform/sdk/custom-sdk/aarch64-sdk/aarch64-buildroot-linux-gnu/sysroot/usr/lib/../lib64/Scrt1.o
 .rela.data.rel.ro.local.unspec_aftype
                0x0000000000008180       0x60 /home/dev/Projects/rpi5-custom-embedded-linux-platform/sdk/custom-sdk/aarch64-sdk/aarch64-buildroot-linux-gnu/sysroot/usr/lib/../lib64/Scrt1.o
 .rela.data.rel.ro.local.inet6_aftype
                0x00000000000081e0       0x60 /home/dev/Projects/rpi5-custom-embedded-linux-platform/sdk/custom-sdk/aarch64-sdk/aarch64-buildroot-linux-gnu/sysroot/usr/lib/../lib64/Scrt1.o
 .rela.data.rel.ro.local.inet_aftype
                0x0000000000008240       0x60 /home/dev/Projects/rpi5-custom-embedded-linux-platform/sdk/custom-sdk/aarch64-sdk/aarch64-buildroot-linux-gnu/sysroot/usr/lib/../lib64/Scrt1.o
 .rela.data.rel.ro.local.ip_func_ptrs.0
                0x00000000000082a0       0xd8 /home/dev/Projects/rpi5-custom-embedded-linux-platform/sdk/custom-sdk/aarch64-sdk/aarch64-buildroot-linux-gnu/sysroot/usr/lib/../lib64/Scrt1.o
 .rela.data.rel.ro.local.long_options.0
                0x0000000000008378       0x60 /home/dev/Projects/rpi5-custom-embedded-linux-platform/sdk/custom-sdk/aarch64-sdk/aarch64-buildroot-linux-gnu/sysroot/usr/lib/../lib64/Scrt1.o
 .rela.data.rel.ro.local.tcp_state
                0x00000000000083d8      0x120 /home/dev/Projects/rpi5-custom-embedded-linux-platform/sdk/custom-sdk/aarch64-sdk/aarch64-buildroot-linux-gnu/sysroot/usr/lib/../lib64/Scrt1.o
 .rela.data.rel.ro.local.rcodes
                0x00000000000084f8      0x180 /home/dev/Projects/rpi5-custom-embedded-linux-platform/sdk/custom-sdk/aarch64-sdk/aarch64-buildroot-linux-gnu/sysroot/usr/lib/../lib64/Scrt1.o
 .rela.data.rel.ro.local.ttab.0
                0x0000000000008678      0x1c8 /home/dev/Projects/rpi5-custom-embedded-linux-platform/sdk/custom-sdk/aarch64-sdk/aarch64-buildroot-linux-gnu/sysroot/usr/lib/../lib64/Scrt1.o
 .rela.data.rel.ro.local.ttab6.1
                0x0000000000008840      0x168 /home/dev/Projects/rpi5-custom-embedded-linux-platform/sdk/custom-sdk/aarch64-sdk/aarch64-buildroot-linux-gnu/sysroot/usr/lib/../lib64/Scrt1.o
 .rela.data.rel.ro.local.init_tab.0
                0x00000000000089a8       0xf0 /home/dev/Projects/rpi5-custom-embedded-linux-platform/sdk/custom-sdk/aarch64-sdk/aarch64-buildroot-linux-gnu/sysroot/usr/lib/../lib64/Scrt1.o
 .rela.data.rel.ro.local.keywords
                0x0000000000008a98      0x4c8 /home/dev/Projects/rpi5-custom-embedded-linux-platform/sdk/custom-sdk/aarch64-sdk/aarch64-buildroot-linux-gnu/sysroot/usr/lib/../lib64/Scrt1.o
 .rela.data.rel.ro.local.init_functions
                0x0000000000008f60      0x120 /home/dev/Projects/rpi5-custom-embedded-linux-platform/sdk/custom-sdk/aarch64-sdk/aarch64-buildroot-linux-gnu/sysroot/usr/lib/../lib64/Scrt1.o
 .rela.data.rel.ro.local.proc_name
                0x0000000000009080       0x90 /home/dev/Projects/rpi5-custom-embedded-linux-platform/sdk/custom-sdk/aarch64-sdk/aarch64-buildroot-linux-gnu/sysroot/usr/lib/../lib64/Scrt1.o
 .rela.data.rel.ro.local.out_spec
                0x0000000000009110      0x330 /home/dev/Projects/rpi5-custom-embedded-linux-platform/sdk/custom-sdk/aarch64-sdk/aarch64-buildroot-linux-gnu/sysroot/usr/lib/../lib64/Scrt1.o
 .rela.data.rel.ro.local.null_bltin.2
                0x0000000000009440       0x30 /home/dev/Projects/rpi5-custom-embedded-linux-platform/sdk/custom-sdk/aarch64-sdk/aarch64-buildroot-linux-gnu/sysroot/usr/lib/../lib64/Scrt1.o
 .rela.data.rel.ro.local.builtintab
                0x0000000000009470      0x828 /home/dev/Projects/rpi5-custom-embedded-linux-platform/sdk/custom-sdk/aarch64-sdk/aarch64-buildroot-linux-gnu/sysroot/usr/lib/../lib64/Scrt1.o
 .rela.data.rel.ro.local.tokname_array
                0x0000000000009c98      0x2d0 /home/dev/Projects/rpi5-custom-embedded-linux-platform/sdk/custom-sdk/aarch64-sdk/aarch64-buildroot-linux-gnu/sysroot/usr/lib/../lib64/Scrt1.o
 .rela.data.rel.ro.local.varinit_data
                0x0000000000009f68      0x1c8 /home/dev/Projects/rpi5-custom-embedded-linux-platform/sdk/custom-sdk/aarch64-sdk/aarch64-buildroot-linux-gnu/sysroot/usr/lib/../lib64/Scrt1.o
 .rela.data.rel.local.g_parsefile
                0x000000000000a130       0x18 /home/dev/Projects/rpi5-custom-embedded-linux-platform/sdk/custom-sdk/aarch64-sdk/aarch64-buildroot-linux-gnu/sysroot/usr/lib/../lib64/Scrt1.o
 .rela.data.rel.ro.local.optletters_optnames
                0x000000000000a148      0x198 /home/dev/Projects/rpi5-custom-embedded-linux-platform/sdk/custom-sdk/aarch64-sdk/aarch64-buildroot-linux-gnu/sysroot/usr/lib/../lib64/Scrt1.o
 .rela.data.rel.ro.local.encoded_dollar_at_argv.3
                0x000000000000a2e0       0x18 /home/dev/Projects/rpi5-custom-embedded-linux-platform/sdk/custom-sdk/aarch64-sdk/aarch64-buildroot-linux-gnu/sysroot/usr/lib/../lib64/Scrt1.o
 .rela.data.rel.ro.local.bltins2
                0x000000000000a2f8      0x120 /home/dev/Projects/rpi5-custom-embedded-linux-platform/sdk/custom-sdk/aarch64-sdk/aarch64-buildroot-linux-gnu/sysroot/usr/lib/../lib64/Scrt1.o
 .rela.data.rel.ro.local.bltins1
                0x000000000000a418      0x840 /home/dev/Projects/rpi5-custom-embedded-linux-platform/sdk/custom-sdk/aarch64-sdk/aarch64-buildroot-linux-gnu/sysroot/usr/lib/../lib64/Scrt1.o
 .rela.data.rel.ro.local.init_data
                0x000000000000ac58       0x18 /home/dev/Projects/rpi5-custom-embedded-linux-platform/sdk/custom-sdk/aarch64-sdk/aarch64-buildroot-linux-gnu/sysroot/usr/lib/../lib64/Scrt1.o
 .rela.data.rel.local.facilitynames
                0x000000000000ac70      0x210 /home/dev/Projects/rpi5-custom-embedded-linux-platform/sdk/custom-sdk/aarch64-sdk/aarch64-buildroot-linux-gnu/sysroot/usr/lib/../lib64/Scrt1.o
 .rela.data.rel.local.prioritynames
                0x000000000000ae80      0x120 /home/dev/Projects/rpi5-custom-embedded-linux-platform/sdk/custom-sdk/aarch64-sdk/aarch64-buildroot-linux-gnu/sysroot/usr/lib/../lib64/Scrt1.o
 .rela.data.rel.ro.local.f_act_tab
                0x000000000000afa0       0x60 /home/dev/Projects/rpi5-custom-embedded-linux-platform/sdk/custom-sdk/aarch64-sdk/aarch64-buildroot-linux-gnu/sysroot/usr/lib/../lib64/Scrt1.o
 .rela.data.rel.ro.local.f_evt_tab
                0x000000000000b000       0xd8 /home/dev/Projects/rpi5-custom-embedded-linux-platform/sdk/custom-sdk/aarch64-sdk/aarch64-buildroot-linux-gnu/sysroot/usr/lib/../lib64/Scrt1.o
 .rela.data.rel.ro.local.i386_sys_types
                0x000000000000b0d8      0x4b0 /home/dev/Projects/rpi5-custom-embedded-linux-platform/sdk/custom-sdk/aarch64-sdk/aarch64-buildroot-linux-gnu/sysroot/usr/lib/../lib64/Scrt1.o
 .rela.data.rel.ro.local.add_strings
                0x000000000000b588       0x78 /home/dev/Projects/rpi5-custom-embedded-linux-platform/sdk/custom-sdk/aarch64-sdk/aarch64-buildroot-linux-gnu/sysroot/usr/lib/../lib64/Scrt1.o
 .rela.data.rel.ro.local.fs2
                0x000000000000b600      0x198 /home/dev/Projects/rpi5-custom-embedded-linux-platform/sdk/custom-sdk/aarch64-sdk/aarch64-buildroot-linux-gnu/sysroot/usr/lib/../lib64/Scrt1.o
 .rela.data.rel.ro.local.fs1
                0x000000000000b798       0xa8 /home/dev/Projects/rpi5-custom-embedded-linux-platform/sdk/custom-sdk/aarch64-sdk/aarch64-buildroot-linux-gnu/sysroot/usr/lib/../lib64/Scrt1.o
 .rela.data.rel.ro.local.all_control_files
                0x000000000000b840       0xf0 /home/dev/Projects/rpi5-custom-embedded-linux-platform/sdk/custom-sdk/aarch64-sdk/aarch64-buildroot-linux-gnu/sysroot/usr/lib/../lib64/Scrt1.o
 .rela.data.rel.ro.local.tar_var
                0x000000000000b930       0xc0 /home/dev/Projects/rpi5-custom-embedded-linux-platform/sdk/custom-sdk/aarch64-sdk/aarch64-buildroot-linux-gnu/sysroot/usr/lib/../lib64/Scrt1.o
 .rela.data.rel.ro.local.args.0
                0x000000000000b9f0       0x30 /home/dev/Projects/rpi5-custom-embedded-linux-platform/sdk/custom-sdk/aarch64-sdk/aarch64-buildroot-linux-gnu/sysroot/usr/lib/../lib64/Scrt1.o
 .rela.data.rel.ro.local.doux_bytes_to_XXX.5
                0x000000000000ba20       0x60 /home/dev/Projects/rpi5-custom-embedded-linux-platform/sdk/custom-sdk/aarch64-sdk/aarch64-buildroot-linux-gnu/sysroot/usr/lib/../lib64/Scrt1.o
 .rela.data.rel.ro.local.capabilities
                0x000000000000ba80      0x390 /home/dev/Projects/rpi5-custom-embedded-linux-platform/sdk/custom-sdk/aarch64-sdk/aarch64-buildroot-linux-gnu/sysroot/usr/lib/../lib64/Scrt1.o
 .rela.data.rel.ro.local.console_names.0
                0x000000000000be10       0x48 /home/dev/Projects/rpi5-custom-embedded-linux-platform/sdk/custom-sdk/aarch64-sdk/aarch64-buildroot-linux-gnu/sysroot/usr/lib/../lib64/Scrt1.o
 .rela.data.rel.ro.local.bb_argv_dash
                0x000000000000be58       0x18 /home/dev/Projects/rpi5-custom-embedded-linux-platform/sdk/custom-sdk/aarch64-sdk/aarch64-buildroot-linux-gnu/sysroot/usr/lib/../lib64/Scrt1.o
 *(SORT_BY_ALIGNMENT(.rela.tdata) SORT_BY_ALIGNMENT(.rela.tdata.*) SORT_BY_ALIGNMENT(.rela.gnu.linkonce.td.*))
 *(SORT_BY_ALIGNMENT(.rela.tbss) SORT_BY_ALIGNMENT(.rela.tbss.*) SORT_BY_ALIGNMENT(.rela.gnu.linkonce.tb.*))
 *(SORT_BY_ALIGNMENT(.rela.ctors))
 *(SORT_BY_ALIGNMENT(.rela.dtors))
 *(SORT_BY_ALIGNMENT(.rela.got))
 .rela.got      0x000000000000be70      0x3c0 /home/dev/Projects/rpi5-custom-embedded-linux-platform/sdk/custom-sdk/aarch64-sdk/aarch64-buildroot-linux-gnu/sysroot/usr/lib/../lib64/Scrt1.o
 *(SORT_BY_ALIGNMENT(.rela.bss) SORT_BY_ALIGNMENT(.rela.bss.*) SORT_BY_ALIGNMENT(.rela.gnu.linkonce.b.*))
 .rela.bss      0x000000000000c230        0x0 /home/dev/Projects/rpi5-custom-embedded-linux-platform/sdk/custom-sdk/aarch64-sdk/aarch64-buildroot-linux-gnu/sysroot/usr/lib/../lib64/Scrt1.o
 *(SORT_BY_ALIGNMENT(.rela.ifunc))
 .rela.ifunc    0x000000000000c230        0x0 /home/dev/Projects/rpi5-custom-embedded-linux-platform/sdk/custom-sdk/aarch64-sdk/aarch64-buildroot-linux-gnu/sysroot/usr/lib/../lib64/Scrt1.o
 .rela.fini_array
                0x000000000000c230       0x18 /home/dev/Projects/rpi5-custom-embedded-linux-platform/sdk/custom-sdk/aarch64-sdk/aarch64-buildroot-linux-gnu/sysroot/usr/lib/../lib64/Scrt1.o
 .rela.init_array
                0x000000000000c248       0x18 /home/dev/Projects/rpi5-custom-embedded-linux-platform/sdk/custom-sdk/aarch64-sdk/aarch64-buildroot-linux-gnu/sysroot/usr/lib/../lib64/Scrt1.o

.rela.plt       0x000000000000c260     0x2448
 *(SORT_BY_ALIGNMENT(.rela.plt))
 .rela.plt      0x000000000000c260     0x2448 /home/dev/Projects/rpi5-custom-embedded-linux-platform/sdk/custom-sdk/aarch64-sdk/aarch64-buildroot-linux-gnu/sysroot/usr/lib/../lib64/Scrt1.o
 *(SORT_BY_ALIGNMENT(.rela.iplt))

.relr.dyn
 *(SORT_BY_ALIGNMENT(.relr.dyn))

.init           0x000000000000e6a8       0x18
 *(SORT_NONE(.init))
 .init          0x000000000000e6a8       0x10 /home/dev/Projects/rpi5-custom-embedded-linux-platform/sdk/custom-sdk/aarch64-sdk/aarch64-buildroot-linux-gnu/sysroot/usr/lib/../lib64/crti.o
                0x000000000000e6a8                _init
 .init          0x000000000000e6b8        0x8 /home/dev/Projects/rpi5-custom-embedded-linux-platform/sdk/custom-sdk/aarch64-sdk/aarch64-buildroot-linux-gnu/sysroot/usr/lib/../lib64/crtn.o

.plt            0x000000000000e6c0     0x1850
 *(SORT_BY_ALIGNMENT(.plt))
 .plt           0x000000000000e6c0     0x1850 /home/dev/Projects/rpi5-custom-embedded-linux-platform/sdk/custom-sdk/aarch64-sdk/aarch64-buildroot-linux-gnu/sysroot/usr/lib/../lib64/Scrt1.o
 *(SORT_BY_ALIGNMENT(.iplt))

.text           0x000000000000ff40    0xd950c
 *(SORT_BY_ALIGNMENT(.text.unlikely) SORT_BY_ALIGNMENT(.text.*_unlikely) SORT_BY_ALIGNMENT(.text.unlikely.*))
 *(SORT_BY_ALIGNMENT(.text.exit) SORT_BY_ALIGNMENT(.text.exit.*))
 *(SORT_BY_ALIGNMENT(.text.startup) SORT_BY_ALIGNMENT(.text.startup.*))
 *(SORT_BY_ALIGNMENT(.text.hot) SORT_BY_ALIGNMENT(.text.hot.*))
 *(SORT_BY_NAME(SORT_BY_ALIGNMENT(.text.sorted.*)))
 *(SORT_BY_ALIGNMENT(.text) SORT_BY_ALIGNMENT(.stub) SORT_BY_ALIGNMENT(.text.*) SORT_BY_ALIGNMENT(.gnu.linkonce.t.*))
 .text          0x000000000000ff40       0x34 /home/dev/Projects/rpi5-custom-embedded-linux-platform/sdk/custom-sdk/aarch64-sdk/aarch64-buildroot-linux-gnu/sysroot/usr/lib/../lib64/Scrt1.o
                0x000000000000ff40                _start
 *fill*         0x000000000000ff74        0xc 1f2003d5
 .text          0x000000000000ff80       0xc4 /home/dev/Projects/rpi5-custom-embedded-linux-platform/sdk/custom-sdk/aarch64-sdk/bin/../lib/gcc/aarch64-buildroot-linux-gnu/14.3.0/crtbeginS.o
 .text          0x0000000000010044       0x14 /home/dev/Projects/rpi5-custom-embedded-linux-platform/sdk/custom-sdk/aarch64-sdk/aarch64-buildroot-linux-gnu/sysroot/usr/lib/../lib64/crti.o
 .text.get_trimmed_slice
                0x0000000000010058       0x34 libbb/lib.a(appletlib.o)
 .text.string_array_len
                0x000000000001008c       0x20 libbb/lib.a(appletlib.o)
                0x000000000001008c                string_array_len
 .text.find_applet_by_name
                0x00000000000100ac       0xa8 libbb/lib.a(appletlib.o)
                0x00000000000100ac                find_applet_by_name
 .text.bb_show_usage
                0x0000000000010154       0xc8 libbb/lib.a(appletlib.o)
                0x0000000000010154                bb_show_usage
 .text.find_script_by_name
                0x000000000001021c       0x38 libbb/lib.a(appletlib.o)
 .text.scripted_main
                0x0000000000010254       0x38 libbb/lib.a(appletlib.o)
                0x0000000000010254                scripted_main
 .text.parse_config_file
                0x000000000001028c      0x334 libbb/lib.a(appletlib.o)
 .text.lbb_prepare
                0x00000000000105c0       0x24 libbb/lib.a(appletlib.o)
                0x00000000000105c0                lbb_prepare
 .text.get_script_content
                0x00000000000105e4       0x3c libbb/lib.a(appletlib.o)
                0x00000000000105e4                get_script_content
 .text.show_usage_if_dash_dash_help
                0x0000000000010620       0x64 libbb/lib.a(appletlib.o)
                0x0000000000010620                show_usage_if_dash_dash_help
 .text.run_applet_no_and_exit
                0x0000000000010684      0x1c4 libbb/lib.a(appletlib.o)
                0x0000000000010684                run_applet_no_and_exit
 .text.run_applet_and_exit
                0x0000000000010848      0x3ac libbb/lib.a(appletlib.o)
 .text.main     0x0000000000010bf4       0x68 libbb/lib.a(appletlib.o)
                0x0000000000010bf4                main
 .text.is_prefixed_with
                0x0000000000010c5c       0x30 libbb/lib.a(compare_string_array.o)
                0x0000000000010c5c                is_prefixed_with
 .text.is_suffixed_with
                0x0000000000010c8c       0x5c libbb/lib.a(compare_string_array.o)
                0x0000000000010c8c                is_suffixed_with
 .text.index_in_strings
                0x0000000000010ce8       0x4c libbb/lib.a(compare_string_array.o)
                0x0000000000010ce8                index_in_strings
 .text.index_in_substrings
                0x0000000000010d34       0x98 libbb/lib.a(compare_string_array.o)
                0x0000000000010d34                index_in_substrings
 .text.nth_string
                0x0000000000010dcc       0x20 libbb/lib.a(compare_string_array.o)
                0x0000000000010dcc                nth_string
 .text.concat_path_file
                0x0000000000010dec       0x74 libbb/lib.a(concat_path_file.o)
                0x0000000000010dec                concat_path_file
 .text.bb_basename
                0x0000000000010e60       0x24 libbb/lib.a(get_last_path_component.o)
                0x0000000000010e60                bb_basename
 .text.bb_get_last_path_component_nostrip
                0x0000000000010e84       0x38 libbb/lib.a(get_last_path_component.o)
                0x0000000000010e84                bb_get_last_path_component_nostrip
 .text.bb_get_last_path_component_strip
                0x0000000000010ebc       0x3c libbb/lib.a(get_last_path_component.o)
                0x0000000000010ebc                bb_get_last_path_component_strip
 .text.last_char_is
                0x0000000000010ef8       0x30 libbb/lib.a(last_char_is.o)
                0x0000000000010ef8                last_char_is
 .text.llist_add_to
                0x0000000000010f28       0x30 libbb/lib.a(llist.o)
                0x0000000000010f28                llist_add_to
 .text.llist_add_to_end
                0x0000000000010f58       0x3c libbb/lib.a(llist.o)
                0x0000000000010f58                llist_add_to_end
 .text.llist_pop
                0x0000000000010f94       0x2c libbb/lib.a(llist.o)
                0x0000000000010f94                llist_pop
 .text.llist_unlink
                0x0000000000010fc0       0x28 libbb/lib.a(llist.o)
                0x0000000000010fc0                llist_unlink
 .text.llist_free
                0x0000000000010fe8       0x3c libbb/lib.a(llist.o)
                0x0000000000010fe8                llist_free
 .text.llist_rev
                0x0000000000011024       0x24 libbb/lib.a(llist.o)
                0x0000000000011024                llist_rev
 .text.llist_find_str
                0x0000000000011048       0x3c libbb/lib.a(llist.o)
                0x0000000000011048                llist_find_str
 .text.bb_perror_msg
                0x0000000000011084       0xc8 libbb/lib.a(perror_msg.o)
                0x0000000000011084                bb_perror_msg
 .text.bb_perror_msg_and_die
                0x000000000001114c       0xa0 libbb/lib.a(perror_msg.o)
                0x000000000001114c                bb_perror_msg_and_die
 .text.bb_simple_perror_msg
                0x00000000000111ec       0x10 libbb/lib.a(perror_msg.o)
                0x00000000000111ec                bb_simple_perror_msg
 .text.bb_simple_perror_msg_and_die
                0x00000000000111fc       0x14 libbb/lib.a(perror_msg.o)
                0x00000000000111fc                bb_simple_perror_msg_and_die
 .text.skip_whitespace
                0x0000000000011210       0x24 libbb/lib.a(skip_whitespace.o)
                0x0000000000011210                skip_whitespace
 .text.skip_non_whitespace
                0x0000000000011234       0x28 libbb/lib.a(skip_whitespace.o)
                0x0000000000011234                skip_non_whitespace
 .text.skip_dev_pfx
                0x000000000001125c       0x24 libbb/lib.a(skip_whitespace.o)
                0x000000000001125c                skip_dev_pfx
 .text.bb_verror_msg
                0x0000000000011280      0x268 libbb/lib.a(verror_msg.o)
                0x0000000000011280                bb_verror_msg
 .text.bb_error_msg_and_die
                0x00000000000114e8       0x78 libbb/lib.a(verror_msg.o)
                0x00000000000114e8                bb_error_msg_and_die
 .text.bb_error_msg
                0x0000000000011560       0xa0 libbb/lib.a(verror_msg.o)
                0x0000000000011560                bb_error_msg
 .text.bb_vinfo_msg
                0x0000000000011600       0x3c libbb/lib.a(verror_msg.o)
                0x0000000000011600                bb_vinfo_msg
 .text.bb_info_msg
                0x000000000001163c       0xa0 libbb/lib.a(verror_msg.o)
                0x000000000001163c                bb_info_msg
 .text.bb_simple_info_msg
                0x00000000000116dc       0x10 libbb/lib.a(verror_msg.o)
                0x00000000000116dc                bb_simple_info_msg
 .text.bb_simple_error_msg
                0x00000000000116ec       0x10 libbb/lib.a(verror_msg.o)
                0x00000000000116ec                bb_simple_error_msg
 .text.bb_simple_error_msg_and_die
                0x00000000000116fc       0x14 libbb/lib.a(verror_msg.o)
                0x00000000000116fc                bb_simple_error_msg_and_die
 .text.xfdopen_helper
                0x0000000000011710       0x34 libbb/lib.a(wfopen.o)
 .text.fopen_or_warn
                0x0000000000011744       0x30 libbb/lib.a(wfopen.o)
                0x0000000000011744                fopen_or_warn
 .text.fopen_for_read
                0x0000000000011774        0xc libbb/lib.a(wfopen.o)
                0x0000000000011774                fopen_for_read
 .text.xfopen_for_read
                0x0000000000011780        0xc libbb/lib.a(wfopen.o)
                0x0000000000011780                xfopen_for_read
 .text.fopen_for_write
                0x000000000001178c        0xc libbb/lib.a(wfopen.o)
                0x000000000001178c                fopen_for_write
 .text.xfopen_for_write
                0x0000000000011798        0xc libbb/lib.a(wfopen.o)
                0x0000000000011798                xfopen_for_write
 .text.xfdopen_for_read
                0x00000000000117a4        0x8 libbb/lib.a(wfopen.o)
                0x00000000000117a4                xfdopen_for_read
 .text.xfdopen_for_write
                0x00000000000117ac        0xc libbb/lib.a(wfopen.o)
                0x00000000000117ac                xfdopen_for_write
 .text.xfunc_die
                0x00000000000117b8       0x20 libbb/lib.a(xfunc_die.o)
                0x00000000000117b8                xfunc_die
 .text.ndelay_on
                0x00000000000117d8       0x3c libbb/lib.a(xfuncs.o)
                0x00000000000117d8                ndelay_on
 .text.ndelay_off
                0x0000000000011814       0x3c libbb/lib.a(xfuncs.o)
                0x0000000000011814                ndelay_off
 .text.close_on_exec_on
                0x0000000000011850        0xc libbb/lib.a(xfuncs.o)
                0x0000000000011850                close_on_exec_on
 .text.strncpy_IFNAMSIZ
                0x000000000001185c        0x8 libbb/lib.a(xfuncs.o)
                0x000000000001185c                strncpy_IFNAMSIZ
 .text.utoa_to_buf
                0x0000000000011864       0x64 libbb/lib.a(xfuncs.o)
                0x0000000000011864                utoa_to_buf
 .text.itoa_to_buf
                0x00000000000118c8       0x24 libbb/lib.a(xfuncs.o)
                0x00000000000118c8                itoa_to_buf
 .text.utoa     0x00000000000118ec       0x28 libbb/lib.a(xfuncs.o)
                0x00000000000118ec                utoa
 .text.itoa     0x0000000000011914       0x28 libbb/lib.a(xfuncs.o)
                0x0000000000011914                itoa
 .text.bin2hex  0x000000000001193c       0x50 libbb/lib.a(xfuncs.o)
                0x000000000001193c                bin2hex
 .text.hex2bin  0x000000000001198c       0xe4 libbb/lib.a(xfuncs.o)
                0x000000000001198c                hex2bin
 .text.bb_putchar_stderr
                0x0000000000011a70       0x20 libbb/lib.a(xfuncs.o)
                0x0000000000011a70                bb_putchar_stderr
 .text.full_write1_str
                0x0000000000011a90       0x20 libbb/lib.a(xfuncs.o)
                0x0000000000011a90                full_write1_str
 .text.full_write2_str
                0x0000000000011ab0       0x20 libbb/lib.a(xfuncs.o)
                0x0000000000011ab0                full_write2_str
 .text.get_terminal_width_height
                0x0000000000011ad0      0x178 libbb/lib.a(xfuncs.o)
                0x0000000000011ad0                get_terminal_width_height
 .text.get_terminal_width
                0x0000000000011c48       0x54 libbb/lib.a(xfuncs.o)
                0x0000000000011c48                get_terminal_width
 .text.is_TERM_dumb
                0x0000000000011c9c       0x3c libbb/lib.a(xfuncs.o)
                0x0000000000011c9c                is_TERM_dumb
 .text.tcsetattr_stdin_TCSANOW
                0x0000000000011cd8       0x10 libbb/lib.a(xfuncs.o)
                0x0000000000011cd8                tcsetattr_stdin_TCSANOW
 .text.get_termios_and_make_raw
                0x0000000000011ce8       0xb0 libbb/lib.a(xfuncs.o)
                0x0000000000011ce8                get_termios_and_make_raw
 .text.set_termios_to_raw
                0x0000000000011d98       0x78 libbb/lib.a(xfuncs.o)
                0x0000000000011d98                set_termios_to_raw
 .text.safe_waitpid
                0x0000000000011e10       0x54 libbb/lib.a(xfuncs.o)
                0x0000000000011e10                safe_waitpid
 .text.wait_any_nohang
                0x0000000000011e64       0x10 libbb/lib.a(xfuncs.o)
                0x0000000000011e64                wait_any_nohang
 .text.wait4pid
                0x0000000000011e74       0x94 libbb/lib.a(xfuncs.o)
                0x0000000000011e74                wait4pid
 .text.exit_SUCCESS
                0x0000000000011f08        0xc libbb/lib.a(xfuncs.o)
                0x0000000000011f08                exit_SUCCESS
 .text._exit_SUCCESS
                0x0000000000011f14        0xc libbb/lib.a(xfuncs.o)
                0x0000000000011f14                _exit_SUCCESS
 .text.exit_FAILURE
                0x0000000000011f20        0xc libbb/lib.a(xfuncs.o)
                0x0000000000011f20                exit_FAILURE
 .text._exit_FAILURE
                0x0000000000011f2c        0xc libbb/lib.a(xfuncs.o)
                0x0000000000011f2c                _exit_FAILURE
 .text.bb_die_memory_exhausted
                0x0000000000011f38       0x10 libbb/lib.a(xfuncs_printf.o)
                0x0000000000011f38                bb_die_memory_exhausted
 .text.malloc_or_warn
                0x0000000000011f48       0x3c libbb/lib.a(xfuncs_printf.o)
                0x0000000000011f48                malloc_or_warn
 .text.xmalloc  0x0000000000011f84       0x24 libbb/lib.a(xfuncs_printf.o)
                0x0000000000011f84                xmalloc
 .text.xrealloc
                0x0000000000011fa8       0x24 libbb/lib.a(xfuncs_printf.o)
                0x0000000000011fa8                xrealloc
 .text.xzalloc  0x0000000000011fcc       0x30 libbb/lib.a(xfuncs_printf.o)
                0x0000000000011fcc                xzalloc
 .text.xstrdup  0x0000000000011ffc       0x20 libbb/lib.a(xfuncs_printf.o)
                0x0000000000011ffc                xstrdup
 .text.xstrndup
                0x000000000001201c       0x18 libbb/lib.a(xfuncs_printf.o)
                0x000000000001201c                xstrndup
 .text.xmemdup  0x0000000000012034       0x2c libbb/lib.a(xfuncs_printf.o)
                0x0000000000012034                xmemdup
 .text.mmap_read
                0x0000000000012060       0x18 libbb/lib.a(xfuncs_printf.o)
                0x0000000000012060                mmap_read
 .text.mmap_anon
                0x0000000000012078       0x1c libbb/lib.a(xfuncs_printf.o)
                0x0000000000012078                mmap_anon
 .text.xmmap_anon
                0x0000000000012094       0x1c libbb/lib.a(xfuncs_printf.o)
                0x0000000000012094                xmmap_anon
 .text.xfopen   0x00000000000120b0       0x28 libbb/lib.a(xfuncs_printf.o)
                0x00000000000120b0                xfopen
 .text.xopen3   0x00000000000120d8       0x28 libbb/lib.a(xfuncs_printf.o)
                0x00000000000120d8                xopen3
 .text.xopen    0x0000000000012100        0x8 libbb/lib.a(xfuncs_printf.o)
                0x0000000000012100                xopen
 .text.open3_or_warn
                0x0000000000012108       0x38 libbb/lib.a(xfuncs_printf.o)
                0x0000000000012108                open3_or_warn
 .text.open_or_warn
                0x0000000000012140        0x8 libbb/lib.a(xfuncs_printf.o)
                0x0000000000012140                open_or_warn
 .text.xopen_nonblocking
                0x0000000000012148        0x8 libbb/lib.a(xfuncs_printf.o)
                0x0000000000012148                xopen_nonblocking
 .text.xunlink  0x0000000000012150       0x28 libbb/lib.a(xfuncs_printf.o)
                0x0000000000012150                xunlink
 .text.xrename  0x0000000000012178       0x38 libbb/lib.a(xfuncs_printf.o)
                0x0000000000012178                xrename
 .text.rename_or_warn
                0x00000000000121b0       0x40 libbb/lib.a(xfuncs_printf.o)
                0x00000000000121b0                rename_or_warn
 .text.xpipe    0x00000000000121f0       0x20 libbb/lib.a(xfuncs_printf.o)
                0x00000000000121f0                xpipe
 .text.xdup2    0x0000000000012210       0x28 libbb/lib.a(xfuncs_printf.o)
                0x0000000000012210                xdup2
 .text.xmove_fd
                0x0000000000012238       0x24 libbb/lib.a(xfuncs_printf.o)
                0x0000000000012238                xmove_fd
 .text.xwrite   0x000000000001225c       0x40 libbb/lib.a(xfuncs_printf.o)
                0x000000000001225c                xwrite
 .text.xwrite_str
                0x000000000001229c       0x30 libbb/lib.a(xfuncs_printf.o)
                0x000000000001229c                xwrite_str
 .text.xclose   0x00000000000122cc       0x20 libbb/lib.a(xfuncs_printf.o)
                0x00000000000122cc                xclose
 .text.xlseek   0x00000000000122ec       0x3c libbb/lib.a(xfuncs_printf.o)
                0x00000000000122ec                xlseek
 .text.xmkstemp
                0x0000000000012328       0x28 libbb/lib.a(xfuncs_printf.o)
                0x0000000000012328                xmkstemp
 .text.die_if_ferror
                0x0000000000012350       0x28 libbb/lib.a(xfuncs_printf.o)
                0x0000000000012350                die_if_ferror
 .text.die_if_ferror_stdout
                0x0000000000012378       0x18 libbb/lib.a(xfuncs_printf.o)
                0x0000000000012378                die_if_ferror_stdout
 .text.fflush_all
                0x0000000000012390        0x8 libbb/lib.a(xfuncs_printf.o)
                0x0000000000012390                fflush_all
 .text.bb_putchar
                0x0000000000012398        0x4 libbb/lib.a(xfuncs_printf.o)
                0x0000000000012398                bb_putchar
 .text.fputs_stdout
                0x000000000001239c       0x10 libbb/lib.a(xfuncs_printf.o)
                0x000000000001239c                fputs_stdout
 .text.xprint_and_close_file
                0x00000000000123ac       0x34 libbb/lib.a(xfuncs_printf.o)
                0x00000000000123ac                xprint_and_close_file
 .text.xasprintf
                0x00000000000123e0       0xb4 libbb/lib.a(xfuncs_printf.o)
                0x00000000000123e0                xasprintf
 .text.xsetenv  0x0000000000012494       0x1c libbb/lib.a(xfuncs_printf.o)
                0x0000000000012494                xsetenv
 .text.bb_unsetenv
                0x00000000000124b0       0xb8 libbb/lib.a(xfuncs_printf.o)
                0x00000000000124b0                bb_unsetenv
 .text.bb_unsetenv_and_free
                0x0000000000012568       0x18 libbb/lib.a(xfuncs_printf.o)
                0x0000000000012568                bb_unsetenv_and_free
 .text.xsetgid  0x0000000000012580       0x20 libbb/lib.a(xfuncs_printf.o)
                0x0000000000012580                xsetgid
 .text.xsetuid  0x00000000000125a0       0x20 libbb/lib.a(xfuncs_printf.o)
                0x00000000000125a0                xsetuid
 .text.xsetegid
                0x00000000000125c0       0x20 libbb/lib.a(xfuncs_printf.o)
                0x00000000000125c0                xsetegid
 .text.xseteuid
                0x00000000000125e0       0x20 libbb/lib.a(xfuncs_printf.o)
                0x00000000000125e0                xseteuid
 .text.xopen_as_uid_gid
                0x0000000000012600       0x78 libbb/lib.a(xfuncs_printf.o)
                0x0000000000012600                xopen_as_uid_gid
 .text.chdir_or_warn
                0x0000000000012678       0x38 libbb/lib.a(xfuncs_printf.o)
                0x0000000000012678                chdir_or_warn
 .text.xchdir   0x00000000000126b0       0x18 libbb/lib.a(xfuncs_printf.o)
                0x00000000000126b0                xchdir
 .text.xfchdir  0x00000000000126c8       0x20 libbb/lib.a(xfuncs_printf.o)
                0x00000000000126c8                xfchdir
 .text.xchroot  0x00000000000126e8       0x30 libbb/lib.a(xfuncs_printf.o)
                0x00000000000126e8                xchroot
 .text.warn_opendir
                0x0000000000012718       0x38 libbb/lib.a(xfuncs_printf.o)
                0x0000000000012718                warn_opendir
 .text.xopendir
                0x0000000000012750       0x28 libbb/lib.a(xfuncs_printf.o)
                0x0000000000012750                xopendir
 .text.xsocket  0x0000000000012778       0x20 libbb/lib.a(xfuncs_printf.o)
                0x0000000000012778                xsocket
 .text.xbind    0x0000000000012798       0x20 libbb/lib.a(xfuncs_printf.o)
                0x0000000000012798                xbind
 .text.xlisten  0x00000000000127b8       0x20 libbb/lib.a(xfuncs_printf.o)
                0x00000000000127b8                xlisten
 .text.xsendto  0x00000000000127d8       0x2c libbb/lib.a(xfuncs_printf.o)
                0x00000000000127d8                xsendto
 .text.xstat    0x0000000000012804       0x28 libbb/lib.a(xfuncs_printf.o)
                0x0000000000012804                xstat
 .text.xfstat   0x000000000001282c       0x20 libbb/lib.a(xfuncs_printf.o)
                0x000000000001282c                xfstat
 .text.ioctl_or_perror_and_die
                0x000000000001284c       0xc4 libbb/lib.a(xfuncs_printf.o)
                0x000000000001284c                ioctl_or_perror_and_die
 .text.ioctl_or_perror
                0x0000000000012910       0xd0 libbb/lib.a(xfuncs_printf.o)
                0x0000000000012910                ioctl_or_perror
 .text.bb_ioctl_or_warn
                0x00000000000129e0       0x34 libbb/lib.a(xfuncs_printf.o)
                0x00000000000129e0                bb_ioctl_or_warn
 .text.bb_xioctl
                0x0000000000012a14       0x24 libbb/lib.a(xfuncs_printf.o)
                0x0000000000012a14                bb_xioctl
 .text.xmalloc_ttyname
                0x0000000000012a38       0x6c libbb/lib.a(xfuncs_printf.o)
                0x0000000000012a38                xmalloc_ttyname
 .text.generate_uuid
                0x0000000000012aa4       0x90 libbb/lib.a(xfuncs_printf.o)
                0x0000000000012aa4                generate_uuid
 .text.xfork    0x0000000000012b34       0x20 libbb/lib.a(xfuncs_printf.o)
                0x0000000000012b34                xfork
 .text.wait_for_exitstatus
                0x0000000000012b54       0x64 libbb/lib.a(xfuncs_printf.o)
                0x0000000000012b54                wait_for_exitstatus
 .text.xvfork_parent_waits_and_exits
                0x0000000000012bb8       0x54 libbb/lib.a(xfuncs_printf.o)
                0x0000000000012bb8                xvfork_parent_waits_and_exits
 .text.xsettimeofday
                0x0000000000012c0c       0x24 libbb/lib.a(xfuncs_printf.o)
                0x0000000000012c0c                xsettimeofday
 .text.xgettimeofday
                0x0000000000012c30        0x8 libbb/lib.a(xfuncs_printf.o)
                0x0000000000012c30                xgettimeofday
 .text.xmalloc_readlink
                0x0000000000012c38       0x70 libbb/lib.a(xreadlink.o)
                0x0000000000012c38                xmalloc_readlink
 .text.xmalloc_follow_symlinks
                0x0000000000012ca8       0xc8 libbb/lib.a(xreadlink.o)
                0x0000000000012ca8                xmalloc_follow_symlinks
 .text.xmalloc_readlink_or_warn
                0x0000000000012d70       0x60 libbb/lib.a(xreadlink.o)
                0x0000000000012d70                xmalloc_readlink_or_warn
 .text.xmalloc_realpath
                0x0000000000012dd0        0x8 libbb/lib.a(xreadlink.o)
                0x0000000000012dd0                xmalloc_realpath
 .text.xmalloc_realpath_coreutils
                0x0000000000012dd8      0x18c libbb/lib.a(xreadlink.o)
                0x0000000000012dd8                xmalloc_realpath_coreutils
 .text.bb_full_fd_action
                0x0000000000012f64      0x18c libbb/lib.a(copyfd.o)
 .text.bb_copyfd_size
                0x00000000000130f0       0x10 libbb/lib.a(copyfd.o)
                0x00000000000130f0                bb_copyfd_size
 .text.bb_copyfd_exact_size
                0x0000000000013100       0x3c libbb/lib.a(copyfd.o)
                0x0000000000013100                bb_copyfd_exact_size
 .text.bb_copyfd_eof
                0x000000000001313c        0x8 libbb/lib.a(copyfd.o)
                0x000000000001313c                bb_copyfd_eof
 .text.full_write
                0x0000000000013144       0x5c libbb/lib.a(full_write.o)
                0x0000000000013144                full_write
 .text.safe_read
                0x00000000000131a0       0x58 libbb/lib.a(read.o)
                0x00000000000131a0                safe_read
 .text.full_read
                0x00000000000131f8       0x64 libbb/lib.a(read.o)
                0x00000000000131f8                full_read
 .text.read_close
                0x000000000001325c       0x2c libbb/lib.a(read.o)
                0x000000000001325c                read_close
 .text.open_read_close
                0x0000000000013288       0x40 libbb/lib.a(read.o)
                0x0000000000013288                open_read_close
 .text.safe_write
                0x00000000000132c8       0x58 libbb/lib.a(safe_write.o)
                0x00000000000132c8                safe_write
 .text.record_signo
                0x0000000000013320        0xc libbb/lib.a(signals.o)
                0x0000000000013320                record_signo
 .text.sigaction_set
                0x000000000001332c        0x8 libbb/lib.a(signals.o)
                0x000000000001332c                sigaction_set
 .text.sigprocmask_allsigs
                0x0000000000013334       0x70 libbb/lib.a(signals.o)
                0x0000000000013334                sigprocmask_allsigs
 .text.sigprocmask2
                0x00000000000133a4        0x8 libbb/lib.a(signals.o)
                0x00000000000133a4                sigprocmask2
 .text.bb_signals
                0x00000000000133ac       0x54 libbb/lib.a(signals.o)
                0x00000000000133ac                bb_signals
 .text.bb_signals_norestart
                0x0000000000013400       0xa4 libbb/lib.a(signals.o)
                0x0000000000013400                bb_signals_norestart
 .text.sig_block
                0x00000000000134a4       0x7c libbb/lib.a(signals.o)
                0x00000000000134a4                sig_block
 .text.sig_unblock
                0x0000000000013520       0x7c libbb/lib.a(signals.o)
                0x0000000000013520                sig_unblock
 .text.wait_for_any_sig
                0x000000000001359c       0x5c libbb/lib.a(signals.o)
                0x000000000001359c                wait_for_any_sig
 .text.kill_myself_with_sig
                0x00000000000135f8       0x28 libbb/lib.a(signals.o)
                0x00000000000135f8                kill_myself_with_sig
 .text.signal_SA_RESTART_empty_mask
                0x0000000000013620       0x7c libbb/lib.a(signals.o)
                0x0000000000013620                signal_SA_RESTART_empty_mask
 .text.signal_no_SA_RESTART_empty_mask
                0x000000000001369c       0x74 libbb/lib.a(signals.o)
                0x000000000001369c                signal_no_SA_RESTART_empty_mask
 .text.get_mono
                0x0000000000013710       0x28 libbb/lib.a(time.o)
 .text.parse_datestr
                0x0000000000013738      0x3d0 libbb/lib.a(time.o)
                0x0000000000013738                parse_datestr
 .text.validate_tm_time
                0x0000000000013b08       0x30 libbb/lib.a(time.o)
                0x0000000000013b08                validate_tm_time
 .text.strftime_HHMMSS
                0x0000000000013b38       0x8c libbb/lib.a(time.o)
                0x0000000000013b38                strftime_HHMMSS
 .text.strftime_YYYYMMDDHHMMSS
                0x0000000000013bc4       0x8c libbb/lib.a(time.o)
                0x0000000000013bc4                strftime_YYYYMMDDHHMMSS
 .text.monotonic_us
                0x0000000000013c50       0x6c libbb/lib.a(time.o)
                0x0000000000013c50                monotonic_us
 .text.monotonic_ms
                0x0000000000013cbc       0x6c libbb/lib.a(time.o)
                0x0000000000013cbc                monotonic_ms
 .text.monotonic_sec
                0x0000000000013d28       0x54 libbb/lib.a(time.o)
                0x0000000000013d28                monotonic_sec
 .text.xrealloc_getcwd_or_warn
                0x0000000000013d7c       0x94 libbb/lib.a(xgetcwd.o)
                0x0000000000013d7c                xrealloc_getcwd_or_warn
 .text.handle_errors.isra.0
                0x0000000000013e10       0x58 libbb/lib.a(bb_strtonum.o)
 .text.bb_strtoull
                0x0000000000013e68       0xac libbb/lib.a(bb_strtonum.o)
                0x0000000000013e68                bb_strtoull
 .text.bb_strtoll
                0x0000000000013f14       0xb8 libbb/lib.a(bb_strtonum.o)
                0x0000000000013f14                bb_strtoll
 .text.bb_strtou
                0x0000000000013fcc       0xc0 libbb/lib.a(bb_strtonum.o)
                0x0000000000013fcc                bb_strtou
 .text.bb_strtoi
                0x000000000001408c       0xd8 libbb/lib.a(bb_strtonum.o)
                0x000000000001408c                bb_strtoi
 .text.get_S    0x0000000000014164       0x54 libpwdgrp/lib.a(pwd_grp.o)
 .text.tokenize
                0x00000000000141b8       0xc8 libpwdgrp/lib.a(pwd_grp.o)
 .text.parse_common
                0x0000000000014280      0x13c libpwdgrp/lib.a(pwd_grp.o)
 .text.parse_file
                0x00000000000143bc       0x5c libpwdgrp/lib.a(pwd_grp.o)
 .text.convert_to_struct
                0x0000000000014418      0x15c libpwdgrp/lib.a(pwd_grp.o)
 .text.massage_data_for_r_func
                0x0000000000014574       0x90 libpwdgrp/lib.a(pwd_grp.o)
 .text.massage_data_for_non_r_func
                0x0000000000014604       0x7c libpwdgrp/lib.a(pwd_grp.o)
 .text.getXXnam
                0x0000000000014680       0x44 libpwdgrp/lib.a(pwd_grp.o)
 .text.getgrouplist_internal
                0x00000000000146c4      0x144 libpwdgrp/lib.a(pwd_grp.o)
 .text.bb_internal_getspnam_r
                0x0000000000014808       0x5c libpwdgrp/lib.a(pwd_grp.o)
                0x0000000000014808                bb_internal_getspnam_r
 .text.bb_internal_getpwent
                0x0000000000014864       0x58 libpwdgrp/lib.a(pwd_grp.o)
                0x0000000000014864                bb_internal_getpwent
 .text.bb_internal_getpwnam
                0x00000000000148bc        0x8 libpwdgrp/lib.a(pwd_grp.o)
                0x00000000000148bc                bb_internal_getpwnam
 .text.bb_internal_getgrnam
                0x00000000000148c4        0x8 libpwdgrp/lib.a(pwd_grp.o)
                0x00000000000148c4                bb_internal_getgrnam
 .text.bb_internal_getpwuid
                0x00000000000148cc       0x14 libpwdgrp/lib.a(pwd_grp.o)
                0x00000000000148cc                bb_internal_getpwuid
 .text.bb_internal_getgrgid
                0x00000000000148e0       0x14 libpwdgrp/lib.a(pwd_grp.o)
                0x00000000000148e0                bb_internal_getgrgid
 .text.bb_internal_endpwent
                0x00000000000148f4       0x2c libpwdgrp/lib.a(pwd_grp.o)
                0x00000000000148f4                bb_internal_endpwent
 .text.bb_internal_setpwent
                0x0000000000014920       0x1c libpwdgrp/lib.a(pwd_grp.o)
                0x0000000000014920                bb_internal_setpwent
 .text.bb_internal_endgrent
                0x000000000001493c       0x2c libpwdgrp/lib.a(pwd_grp.o)
                0x000000000001493c                bb_internal_endgrent
 .text.bb_internal_initgroups
                0x0000000000014968       0x80 libpwdgrp/lib.a(pwd_grp.o)
                0x0000000000014968                bb_internal_initgroups
 .text.bb_internal_getgrouplist
                0x00000000000149e8       0x6c libpwdgrp/lib.a(pwd_grp.o)
                0x00000000000149e8                bb_internal_getgrouplist
 .text.get_uidgid
                0x0000000000014a54      0x138 libpwdgrp/lib.a(uidgid_get.o)
                0x0000000000014a54                get_uidgid
 .text.xget_uidgid
                0x0000000000014b8c       0x28 libpwdgrp/lib.a(uidgid_get.o)
                0x0000000000014b8c                xget_uidgid
 .text.parse_chown_usergroup_or_die
                0x0000000000014bb4       0x88 libpwdgrp/lib.a(uidgid_get.o)
                0x0000000000014bb4                parse_chown_usergroup_or_die
 .text.add_remove_shell_main
                0x0000000000014c3c      0x1b4 loginutils/lib.a(add-remove-shell.o)
                0x0000000000014c3c                add_remove_shell_main
 .text.addgroup_main
                0x0000000000014df0      0x234 loginutils/lib.a(addgroup.o)
                0x0000000000014df0                addgroup_main
 .text.adduser_main
                0x0000000000015024      0x448 loginutils/lib.a(adduser.o)
                0x0000000000015024                adduser_main
 .text.chpasswd_main
                0x000000000001546c      0x1e4 loginutils/lib.a(chpasswd.o)
                0x000000000001546c                chpasswd_main
 .text.cryptpw_main
                0x0000000000015650      0x144 loginutils/lib.a(cryptpw.o)
                0x0000000000015650                cryptpw_main
 .text.deluser_main
                0x0000000000015794      0x20c loginutils/lib.a(deluser.o)
                0x0000000000015794                deluser_main
 .text.sleep10  0x00000000000159a0        0x8 loginutils/lib.a(getty.o)
 .text.bcode    0x00000000000159a8       0x24 loginutils/lib.a(getty.o)
 .text.set_tty_attrs
                0x00000000000159cc       0x2c loginutils/lib.a(getty.o)
 .text.finalize_tty_attrs
                0x00000000000159f8       0x70 loginutils/lib.a(getty.o)
 .text.alarm_handler
                0x0000000000015a68        0xc loginutils/lib.a(getty.o)
 .text.getty_main
                0x0000000000015a74      0x74c loginutils/lib.a(getty.o)
                0x0000000000015a74                getty_main
 .text.alarm_handler
                0x00000000000161c0       0x3c loginutils/lib.a(login.o)
 .text.login_main
                0x00000000000161fc      0x53c loginutils/lib.a(login.o)
                0x00000000000161fc                login_main
 .text.passwd_main
                0x0000000000016738      0x44c loginutils/lib.a(passwd.o)
                0x0000000000016738                passwd_main
 .text.su_main  0x0000000000016b84      0x22c loginutils/lib.a(su.o)
                0x0000000000016b84                su_main
 .text.sulogin_main
                0x0000000000016db0      0x1dc loginutils/lib.a(sulogin.o)
                0x0000000000016db0                sulogin_main
 .text.acquire_vt
                0x0000000000016f8c       0x10 loginutils/lib.a(vlock.o)
 .text.release_vt
                0x0000000000016f9c       0x1c loginutils/lib.a(vlock.o)
 .text.vlock_main
                0x0000000000016fb8      0x1bc loginutils/lib.a(vlock.o)
                0x0000000000016fb8                vlock_main
 .text.makemime_main
                0x0000000000017174      0x1bc mailutils/lib.a(makemime.o)
                0x0000000000017174                makemime_main
 .text.pop3_checkr
                0x0000000000017330       0xa4 mailutils/lib.a(popmaildir.o)
 .text.popmaildir_main
                0x00000000000173d4      0x414 mailutils/lib.a(popmaildir.o)
                0x00000000000173d4                popmaildir_main
 .text.find_token
                0x00000000000177e8       0x54 mailutils/lib.a(reformime.o)
 .text.parse    0x000000000001783c      0x49c mailutils/lib.a(reformime.o)
 .text.reformime_main
                0x0000000000017cd8       0xd0 mailutils/lib.a(reformime.o)
                0x0000000000017cd8                reformime_main
 .text.smtp_checkp
                0x0000000000017da8       0xec mailutils/lib.a(sendmail.o)
 .text.rcptto   0x0000000000017e94       0x48 mailutils/lib.a(sendmail.o)
 .text.smtp_check
                0x0000000000017edc        0xc mailutils/lib.a(sendmail.o)
 .text.sane_address
                0x0000000000017ee8       0x80 mailutils/lib.a(sendmail.o)
 .text.angle_address
                0x0000000000017f68       0x50 mailutils/lib.a(sendmail.o)
 .text.rcptto_list
                0x0000000000017fb8       0x98 mailutils/lib.a(sendmail.o)
 .text.sendmail_main
                0x0000000000018050      0x5dc mailutils/lib.a(sendmail.o)
                0x0000000000018050                sendmail_main
 .text.signal_handler
                0x000000000001862c       0x8c mailutils/lib.a(mail.o)
 .text.encode_n_base64
                0x00000000000186b8      0x17c mailutils/lib.a(mail.o)
 .text.launch_helper
                0x0000000000018834      0x10c mailutils/lib.a(mail.o)
                0x0000000000018834                launch_helper
 .text.send_r_n
                0x0000000000018940       0x3c mailutils/lib.a(mail.o)
                0x0000000000018940                send_r_n
 .text.send_mail_command
                0x000000000001897c       0x50 mailutils/lib.a(mail.o)
                0x000000000001897c                send_mail_command
 .text.printstr_base64
                0x00000000000189cc       0x20 mailutils/lib.a(mail.o)
                0x00000000000189cc                printstr_base64
 .text.printbuf_base64
                0x00000000000189ec       0x10 mailutils/lib.a(mail.o)
                0x00000000000189ec                printbuf_base64
 .text.printfile_base64
                0x00000000000189fc        0xc mailutils/lib.a(mail.o)
                0x00000000000189fc                printfile_base64
 .text.get_cred_or_die
                0x0000000000018a08       0x98 mailutils/lib.a(mail.o)
                0x0000000000018a08                get_cred_or_die
 .text.adjtimex_main
                0x0000000000018aa0      0x1f0 miscutils/lib.a(adjtimex.o)
                0x0000000000018aa0                adjtimex_main
 .text.ascii_main
                0x0000000000018c90      0x130 miscutils/lib.a(ascii.o)
                0x0000000000018c90                ascii_main
 .text.bc_vec_pop
                0x0000000000018dc0       0x2c miscutils/lib.a(bc.o)
 .text.bc_vec_npop
                0x0000000000018dec       0x54 miscutils/lib.a(bc.o)
 .text.bc_vec_pop_all
                0x0000000000018e40        0x8 miscutils/lib.a(bc.o)
 .text.bc_vec_item_rev
                0x0000000000018e48       0x18 miscutils/lib.a(bc.o)
 .text.bc_vec_top
                0x0000000000018e60       0x14 miscutils/lib.a(bc.o)
 .text.xc_program_func
                0x0000000000018e74       0x18 miscutils/lib.a(bc.o)
 .text.bc_program_current_func
                0x0000000000018e8c       0x20 miscutils/lib.a(bc.o)
 .text.xc_program_str
                0x0000000000018eac       0x4c miscutils/lib.a(bc.o)
 .text.bc_num_subArrays
                0x0000000000018ef8       0x50 miscutils/lib.a(bc.o)
 .text.BC_NUM_MREQ
                0x0000000000018f48       0x2c miscutils/lib.a(bc.o)
 .text.bc_num_cmp
                0x0000000000018f74      0x11c miscutils/lib.a(bc.o)
 .text.bc_num_clean
                0x0000000000019090       0x3c miscutils/lib.a(bc.o)
 .text.xc_lex_lineComment
                0x00000000000190cc       0x34 miscutils/lib.a(bc.o)
 .text.xc_lex_whitespace
                0x0000000000019100       0x44 miscutils/lib.a(bc.o)
 .text.parse_lex_by_checking_eq_sign
                0x0000000000019144       0x30 miscutils/lib.a(bc.o)
 .text.xc_program_reset
                0x0000000000019174       0x4c miscutils/lib.a(bc.o)
 .text.bc_parse_inst_isLeaf
                0x00000000000191c0       0x18 miscutils/lib.a(bc.o)
 .text.rewrite_label_to_current
                0x00000000000191d8       0x24 miscutils/lib.a(bc.o)
 .text.xc_program_index
                0x00000000000191fc       0x5c miscutils/lib.a(bc.o)
 .text.bc_vec_init
                0x0000000000019258       0x28 miscutils/lib.a(bc.o)
 .text.bc_char_vec_init
                0x0000000000019280        0xc miscutils/lib.a(bc.o)
 .text.bc_func_init
                0x000000000001928c       0x6c miscutils/lib.a(bc.o)
 .text.bc_num_init
                0x00000000000192f8       0x38 miscutils/lib.a(bc.o)
 .text.bc_num_init_DEF_SIZE
                0x0000000000019330        0x8 miscutils/lib.a(bc.o)
 .text.xc_parse_create
                0x0000000000019338       0x78 miscutils/lib.a(bc.o)
 .text.bc_num_free
                0x00000000000193b0        0x8 miscutils/lib.a(bc.o)
 .text.bc_result_free
                0x00000000000193b8       0x30 miscutils/lib.a(bc.o)
 .text.bc_string_free
                0x00000000000193e8        0x8 miscutils/lib.a(bc.o)
 .text.bc_vec_free
                0x00000000000193f0       0x18 miscutils/lib.a(bc.o)
 .text.bc_func_free
                0x0000000000019408       0x30 miscutils/lib.a(bc.o)
 .text.xc_parse_free
                0x0000000000019438       0x30 miscutils/lib.a(bc.o)
 .text.bc_id_free
                0x0000000000019468        0x8 miscutils/lib.a(bc.o)
 .text.bc_map_find_ge
                0x0000000000019470       0x78 miscutils/lib.a(bc.o)
 .text.bc_num_truncate
                0x00000000000194e8       0x2c miscutils/lib.a(bc.o)
 .text.bc_vec_grow
                0x0000000000019514       0x4c miscutils/lib.a(bc.o)
 .text.bc_vec_push
                0x0000000000019560       0x58 miscutils/lib.a(bc.o)
 .text.xc_program_add_fn
                0x00000000000195b8       0x64 miscutils/lib.a(bc.o)
 .text.bc_array_expand
                0x000000000001961c       0xbc miscutils/lib.a(bc.o)
 .text.bc_array_init
                0x00000000000196d8       0x38 miscutils/lib.a(bc.o)
 .text.bc_vec_expand
                0x0000000000019710       0x40 miscutils/lib.a(bc.o)
 .text.bc_num_expand
                0x0000000000019750       0x44 miscutils/lib.a(bc.o)
 .text.bc_num_ulong2num
                0x0000000000019794       0x64 miscutils/lib.a(bc.o)
 .text.bc_num_extend
                0x00000000000197f8       0x68 miscutils/lib.a(bc.o)
 .text.bc_num_retireMul
                0x0000000000019860       0x58 miscutils/lib.a(bc.o)
 .text.bc_args  0x00000000000198b8       0xb8 miscutils/lib.a(bc.o)
 .text.bc_verror_msg
                0x0000000000019970       0x88 miscutils/lib.a(bc.o)
 .text.zbc_posix_error_fmt
                0x00000000000199f8       0xe0 miscutils/lib.a(bc.o)
 .text.bc_error_fmt
                0x0000000000019ad8       0xbc miscutils/lib.a(bc.o)
 .text.zbc_func_insert
                0x0000000000019b94       0xd4 miscutils/lib.a(bc.o)
 .text.zbc_num_shift
                0x0000000000019c68       0x80 miscutils/lib.a(bc.o)
 .text.zbc_num_ulong_abs
                0x0000000000019ce8       0x64 miscutils/lib.a(bc.o)
 .text.zbc_num_ulong
                0x0000000000019d4c       0x30 miscutils/lib.a(bc.o)
 .text.bad_input_byte
                0x0000000000019d7c       0x50 miscutils/lib.a(bc.o)
 .text.xc_program_name
                0x0000000000019dcc       0x38 miscutils/lib.a(bc.o)
 .text.xc_parse_pushName
                0x0000000000019e04       0x5c miscutils/lib.a(bc.o)
 .text.bc_num_copy
                0x0000000000019e60       0x4c miscutils/lib.a(bc.o)
 .text.zbc_num_a
                0x0000000000019eac      0x190 miscutils/lib.a(bc.o)
 .text.zbc_num_s
                0x000000000001a03c      0x11c miscutils/lib.a(bc.o)
 .text.bc_num_init_and_copy
                0x000000000001a158       0x2c miscutils/lib.a(bc.o)
 .text.fflush_and_check
                0x000000000001a184       0x44 miscutils/lib.a(bc.o)
 .text.quit     0x000000000001a1c8       0x30 miscutils/lib.a(bc.o)
 .text.bc_num_printNewline
                0x000000000001a1f8       0x38 miscutils/lib.a(bc.o)
 .text.bc_num_printHex
                0x000000000001a230       0x60 miscutils/lib.a(bc.o)
 .text.bc_num_printDigits
                0x000000000001a290       0xc4 miscutils/lib.a(bc.o)
 .text.dc_num_printChar
                0x000000000001a354       0x2c miscutils/lib.a(bc.o)
 .text.xc_program_dereference.isra.0
                0x000000000001a380       0x8c miscutils/lib.a(bc.o)
 .text.bc_vec_pushZeroByte.isra.0
                0x000000000001a40c        0xc miscutils/lib.a(bc.o)
 .text.bc_vec_string
                0x000000000001a418       0x48 miscutils/lib.a(bc.o)
 .text.xc_lex_name
                0x000000000001a460       0x7c miscutils/lib.a(bc.o)
 .text.bc_result_pop_and_push.isra.0
                0x000000000001a4dc       0x50 miscutils/lib.a(bc.o)
 .text.xc_program_binOpRetire
                0x000000000001a52c       0x28 miscutils/lib.a(bc.o)
 .text.bc_error_variable_is_wrong_type.isra.0
                0x000000000001a554       0x14 miscutils/lib.a(bc.o)
 .text.bc_error_stack_has_too_few_elements.isra.0
                0x000000000001a568       0x14 miscutils/lib.a(bc.o)
 .text.bc_error_bad_character.isra.0
                0x000000000001a57c       0x28 miscutils/lib.a(bc.o)
 .text.bc_error_at.isra.0
                0x000000000001a5a4       0x60 miscutils/lib.a(bc.o)
 .text.zbc_num_binary
                0x000000000001a604      0x100 miscutils/lib.a(bc.o)
 .text.zbc_num_mul
                0x000000000001a704       0x40 miscutils/lib.a(bc.o)
 .text.zbc_num_sub
                0x000000000001a744       0x50 miscutils/lib.a(bc.o)
 .text.zbc_num_div
                0x000000000001a794       0x40 miscutils/lib.a(bc.o)
 .text.zbc_num_mod
                0x000000000001a7d4       0x40 miscutils/lib.a(bc.o)
 .text.zbc_num_pow
                0x000000000001a814       0x1c miscutils/lib.a(bc.o)
 .text.bc_vec_pushIndex
                0x000000000001a830       0xbc miscutils/lib.a(bc.o)
 .text.xc_parse_push
                0x000000000001a8ec       0x60 miscutils/lib.a(bc.o)
 .text.xc_parse_pushInst_and_Index
                0x000000000001a94c       0x24 miscutils/lib.a(bc.o)
 .text.xc_parse_pushNUM
                0x000000000001a970       0x94 miscutils/lib.a(bc.o)
 .text.bc_parse_operator
                0x000000000001aa04       0xe0 miscutils/lib.a(bc.o)
 .text.xc_read_line
                0x000000000001aae4      0x208 miscutils/lib.a(bc.o)
 .text.peek_inbuf
                0x000000000001acec       0x48 miscutils/lib.a(bc.o)
 .text.eat_inbuf
                0x000000000001ad34       0x2c miscutils/lib.a(bc.o)
 .text.zxc_lex_number.isra.0
                0x000000000001ad60      0x164 miscutils/lib.a(bc.o)
 .text.zbc_num_add
                0x000000000001aec4       0x50 miscutils/lib.a(bc.o)
 .text.zbc_num_k
                0x000000000001af14      0x4b8 miscutils/lib.a(bc.o)
 .text.zbc_num_m
                0x000000000001b3cc      0x178 miscutils/lib.a(bc.o)
 .text.zbc_num_d
                0x000000000001b544      0x2e4 miscutils/lib.a(bc.o)
 .text.zbc_num_r
                0x000000000001b828      0x16c miscutils/lib.a(bc.o)
 .text.zbc_num_rem
                0x000000000001b994       0xc4 miscutils/lib.a(bc.o)
 .text.zbc_num_divmod
                0x000000000001ba58      0x104 miscutils/lib.a(bc.o)
 .text.zxc_num_printNum
                0x000000000001bb5c      0x2d8 miscutils/lib.a(bc.o)
 .text.zbc_num_sqrt
                0x000000000001be34      0x2f0 miscutils/lib.a(bc.o)
 .text.zbc_num_p
                0x000000000001c124      0x2dc miscutils/lib.a(bc.o)
 .text.bc_map_insert
                0x000000000001c400       0xc0 miscutils/lib.a(bc.o)
 .text.bc_program_addFunc
                0x000000000001c4c0       0xd0 miscutils/lib.a(bc.o)
 .text.xc_vm_init
                0x000000000001c590      0x310 miscutils/lib.a(bc.o)
 .text.xc_program_search
                0x000000000001c8a0       0xf4 miscutils/lib.a(bc.o)
 .text.xc_program_pushVar
                0x000000000001c994      0x11c miscutils/lib.a(bc.o)
 .text.zxc_program_num
                0x000000000001cab0      0x52c miscutils/lib.a(bc.o)
 .text.zxc_program_binOpPrep
                0x000000000001cfdc      0x130 miscutils/lib.a(bc.o)
 .text.zxc_program_prep
                0x000000000001d10c       0x7c miscutils/lib.a(bc.o)
 .text.xc_program_print
                0x000000000001d188      0x370 miscutils/lib.a(bc.o)
 .text.zxc_program_assign
                0x000000000001d4f8      0x248 miscutils/lib.a(bc.o)
 .text.bc_map_find_exact
                0x000000000001d740       0x5c miscutils/lib.a(bc.o)
 .text.zxc_program_popResultAndCopyToVar
                0x000000000001d79c      0x2d4 miscutils/lib.a(bc.o)
 .text.zxc_lex_next
                0x000000000001da70      0x7b4 miscutils/lib.a(bc.o)
 .text.zxc_parse_text_init
                0x000000000001e224       0x30 miscutils/lib.a(bc.o)
 .text.zbc_parse_expr
                0x000000000001e254      0x744 miscutils/lib.a(bc.o)
 .text.zbc_parse_name
                0x000000000001e998      0x22c miscutils/lib.a(bc.o)
 .text.zbc_parse_pushSTR
                0x000000000001ebc4       0x80 miscutils/lib.a(bc.o)
 .text.zdc_parse_register
                0x000000000001ec44       0x54 miscutils/lib.a(bc.o)
 .text.zdc_parse_mem
                0x000000000001ec98       0x58 miscutils/lib.a(bc.o)
 .text.zdc_parse_expr
                0x000000000001ecf0      0x270 miscutils/lib.a(bc.o)
 .text.zdc_parse_exprs_until_eof
                0x000000000001ef60       0x24 miscutils/lib.a(bc.o)
 .text.zbc_parse_stmt_possibly_auto
                0x000000000001ef84      0x6e4 miscutils/lib.a(bc.o)
 .text.zbc_parse_stmt_allow_NLINE_before
                0x000000000001f668       0x6c miscutils/lib.a(bc.o)
 .text.zxc_vm_process
                0x000000000001f6d4     0x1670 miscutils/lib.a(bc.o)
 .text.zxc_vm_execute_FILE
                0x0000000000020d44       0x58 miscutils/lib.a(bc.o)
 .text.zxc_vm_exec
                0x0000000000020d9c       0xcc miscutils/lib.a(bc.o)
 .text.bc_main  0x0000000000020e68       0x64 miscutils/lib.a(bc.o)
                0x0000000000020e68                bc_main
 .text.dc_main  0x0000000000020ecc      0x150 miscutils/lib.a(bc.o)
                0x0000000000020ecc                dc_main
 .text.beep_main
                0x000000000002101c      0x174 miscutils/lib.a(beep.o)
                0x000000000002101c                beep_main
 .text.signal_handler
                0x0000000000021190       0x10 miscutils/lib.a(chat.o)
 .text.unescape
                0x00000000000211a0       0xf8 miscutils/lib.a(chat.o)
 .text.chat_main
                0x0000000000021298      0x58c miscutils/lib.a(chat.o)
                0x0000000000021298                chat_main
 .text.create_cdev_if_doesnt_exist
                0x0000000000021824       0x64 miscutils/lib.a(conspy.o)
 .text.start_shell_in_child
                0x0000000000021888      0x138 miscutils/lib.a(conspy.o)
 .text.putcsi   0x00000000000219c0       0x20 miscutils/lib.a(conspy.o)
 .text.set_cursor
                0x00000000000219e0       0x4c miscutils/lib.a(conspy.o)
 .text.gotoxy   0x0000000000021a2c       0x3c miscutils/lib.a(conspy.o)
 .text.screen_char
                0x0000000000021a68      0x124 miscutils/lib.a(conspy.o)
 .text.screen_dump
                0x0000000000021b8c      0x104 miscutils/lib.a(conspy.o)
 .text.cleanup  0x0000000000021c90       0x5c miscutils/lib.a(conspy.o)
 .text.screen_read_close
                0x0000000000021cec      0x138 miscutils/lib.a(conspy.o)
 .text.conspy_main
                0x0000000000021e24      0x584 miscutils/lib.a(conspy.o)
                0x0000000000021e24                conspy_main
 .text.log8     0x00000000000223a8       0xbc miscutils/lib.a(crond.o)
 .text.reopen_logfile_to_stderr
                0x0000000000022464       0x38 miscutils/lib.a(crond.o)
 .text.delete_cronfile
                0x000000000002249c       0xc4 miscutils/lib.a(crond.o)
 .text.ParseField
                0x0000000000022560      0x2c0 miscutils/lib.a(crond.o)
 .text.safe_setenv
                0x0000000000022820       0x44 miscutils/lib.a(crond.o)
 .text.log7.constprop.0
                0x0000000000022864       0xc4 miscutils/lib.a(crond.o)
 .text.log5     0x0000000000022928       0xbc miscutils/lib.a(crond.o)
 .text.load_crontab
                0x00000000000229e4      0x4b4 miscutils/lib.a(crond.o)
 .text.rescan_crontab_dir
                0x0000000000022e98       0xa4 miscutils/lib.a(crond.o)
 .text.fork_job
                0x0000000000022f3c      0x1f0 miscutils/lib.a(crond.o)
 .text.start_jobs
                0x000000000002312c      0x1e8 miscutils/lib.a(crond.o)
 .text.crond_main
                0x0000000000023314      0x4b0 miscutils/lib.a(crond.o)
                0x0000000000023314                crond_main
 .text.edit_file
                0x00000000000237c4       0x9c miscutils/lib.a(crontab.o)
 .text.crontab_main
                0x0000000000023860      0x2d0 miscutils/lib.a(crontab.o)
                0x0000000000023860                crontab_main
 .text.devmem_main
                0x0000000000023b30      0x24c miscutils/lib.a(devmem.o)
                0x0000000000023b30                devmem_main
 .text.fb_pixel_value
                0x0000000000023d7c       0x78 miscutils/lib.a(fbsplash.o)
 .text.fb_write_pixel
                0x0000000000023df4       0x50 miscutils/lib.a(fbsplash.o)
 .text.fb_drawfullrectangle
                0x0000000000023e44       0x7c miscutils/lib.a(fbsplash.o)
 .text.fb_drawprogressbar
                0x0000000000023ec0      0x1c8 miscutils/lib.a(fbsplash.o)
 .text.fb_setpal
                0x0000000000024088       0xbc miscutils/lib.a(fbsplash.o)
 .text.fbsplash_main
                0x0000000000024144      0x4ec miscutils/lib.a(fbsplash.o)
                0x0000000000024144                fbsplash_main
 .text.print_attr
                0x0000000000024630       0xc4 miscutils/lib.a(getfattr.o)
 .text.getfattr_main
                0x00000000000246f4      0x18c miscutils/lib.a(getfattr.o)
                0x00000000000246f4                getfattr_main
 .text.parse_opts
                0x0000000000024880       0x3c miscutils/lib.a(hdparm.o)
 .text.parse_opts_0_1
                0x00000000000248bc        0xc miscutils/lib.a(hdparm.o)
 .text.parse_opts_0_INTMAX
                0x00000000000248c8        0xc miscutils/lib.a(hdparm.o)
 .text.translate_xfermode
                0x00000000000248d4       0x8c miscutils/lib.a(hdparm.o)
 .text.read_big_block
                0x0000000000024960       0x3c miscutils/lib.a(hdparm.o)
 .text.xprint_ascii
                0x000000000002499c       0x90 miscutils/lib.a(hdparm.o)
 .text.mode_loop
                0x0000000000024a2c       0xb0 miscutils/lib.a(hdparm.o)
 .text.on_off   0x0000000000024adc       0x1c miscutils/lib.a(hdparm.o)
 .text.print_value_on_off
                0x0000000000024af8       0x2c miscutils/lib.a(hdparm.o)
 .text.bus_state_value
                0x0000000000024b24       0x48 miscutils/lib.a(hdparm.o)
 .text.identify
                0x0000000000024b6c     0x10fc miscutils/lib.a(hdparm.o)
 .text.identify_from_stdin
                0x0000000000025c68       0xa8 miscutils/lib.a(hdparm.o)
 .text.dump_identity
                0x0000000000025d10      0x48c miscutils/lib.a(hdparm.o)
 .text.seek_to_zero
                0x000000000002619c       0x10 miscutils/lib.a(hdparm.o)
 .text.flush_buffer_cache
                0x00000000000261ac       0x68 miscutils/lib.a(hdparm.o)
 .text.do_time  0x0000000000026214      0x1d4 miscutils/lib.a(hdparm.o)
 .text.print_flag_on_off.constprop.0
                0x00000000000263e8       0x28 miscutils/lib.a(hdparm.o)
 .text.ioctl_alt_func.constprop.0
                0x0000000000026410       0x54 miscutils/lib.a(hdparm.o)
 .text.process_dev
                0x0000000000026464      0xdd8 miscutils/lib.a(hdparm.o)
 .text.hdparm_main
                0x000000000002723c      0x460 miscutils/lib.a(hdparm.o)
                0x000000000002723c                hdparm_main
 .text.format_line
                0x000000000002769c      0x134 miscutils/lib.a(hexedit.o)
 .text.redraw_cur_line
                0x00000000000277d0       0xa4 miscutils/lib.a(hexedit.o)
 .text.redraw   0x0000000000027874      0x134 miscutils/lib.a(hexedit.o)
 .text.restore_term
                0x00000000000279a8       0x28 miscutils/lib.a(hexedit.o)
 .text.sig_catcher
                0x00000000000279d0       0x34 miscutils/lib.a(hexedit.o)
 .text.remap.isra.0
                0x0000000000027a04       0x90 miscutils/lib.a(hexedit.o)
 .text.move_mapping_lower
                0x0000000000027a94       0x64 miscutils/lib.a(hexedit.o)
 .text.move_mapping_further
                0x0000000000027af8       0x7c miscutils/lib.a(hexedit.o)
 .text.hexedit_main
                0x0000000000027b74      0x520 miscutils/lib.a(hexedit.o)
                0x0000000000027b74                hexedit_main
 .text.i2c_bus_lookup
                0x0000000000028094       0x10 miscutils/lib.a(i2c_tools.o)
 .text.i2c_dev_open
                0x00000000000280a4       0xa0 miscutils/lib.a(i2c_tools.o)
 .text.get_funcs_matrix
                0x0000000000028144       0x14 miscutils/lib.a(i2c_tools.o)
 .text.i2c_set_slave_addr
                0x0000000000028158       0x24 miscutils/lib.a(i2c_tools.o)
 .text.check_funcs_test_end
                0x000000000002817c       0x40 miscutils/lib.a(i2c_tools.o)
 .text.check_read_funcs
                0x00000000000281bc       0xf8 miscutils/lib.a(i2c_tools.o)
 .text.confirm_or_abort
                0x00000000000282b4       0x38 miscutils/lib.a(i2c_tools.o)
 .text.confirm_action
                0x00000000000282ec       0x84 miscutils/lib.a(i2c_tools.o)
 .text.i2c_smbus_access
                0x0000000000028370       0x64 miscutils/lib.a(i2c_tools.o)
 .text.i2c_smbus_read_byte
                0x00000000000283d4       0x60 miscutils/lib.a(i2c_tools.o)
 .text.i2c_smbus_read_word_data
                0x0000000000028434       0x64 miscutils/lib.a(i2c_tools.o)
 .text.i2c_smbus_read_byte_data
                0x0000000000028498       0x64 miscutils/lib.a(i2c_tools.o)
 .text.list_i2c_busses_and_exit
                0x00000000000284fc      0x230 miscutils/lib.a(i2c_tools.o)
 .text.i2cget_main
                0x000000000002872c      0x204 miscutils/lib.a(i2c_tools.o)
                0x000000000002872c                i2cget_main
 .text.i2cset_main
                0x0000000000028930      0x580 miscutils/lib.a(i2c_tools.o)
                0x0000000000028930                i2cset_main
 .text.i2cdump_main
                0x0000000000028eb0      0x6d4 miscutils/lib.a(i2c_tools.o)
                0x0000000000028eb0                i2cdump_main
 .text.i2cdetect_main
                0x0000000000029584      0x360 miscutils/lib.a(i2c_tools.o)
                0x0000000000029584                i2cdetect_main
 .text.i2ctransfer_main
                0x00000000000298e4      0x3a8 miscutils/lib.a(i2c_tools.o)
                0x00000000000298e4                i2ctransfer_main
 .text.at_end   0x0000000000029c8c       0x5c miscutils/lib.a(less.o)
 .text.safe_lineno
                0x0000000000029ce8       0x38 miscutils/lib.a(less.o)
 .text.opp_bracket
                0x0000000000029d20       0x58 miscutils/lib.a(less.o)
 .text.sigwinch_handler
                0x0000000000029d78       0x18 miscutils/lib.a(less.o)
 .text.set_tty_cooked
                0x0000000000029d90       0x24 miscutils/lib.a(less.o)
 .text.clear_line
                0x0000000000029db4       0x1c miscutils/lib.a(less.o)
 .text.restore_tty
                0x0000000000029dd0       0x28 miscutils/lib.a(less.o)
 .text.sig_catcher
                0x0000000000029df8       0x14 miscutils/lib.a(less.o)
 .text.print_statusline
                0x0000000000029e0c       0x30 miscutils/lib.a(less.o)
 .text.fill_match_lines
                0x0000000000029e3c       0xa4 miscutils/lib.a(less.o)
 .text.read_lines
                0x0000000000029ee0      0x38c miscutils/lib.a(less.o)
 .text.goto_lineno
                0x000000000002a26c       0xac miscutils/lib.a(less.o)
 .text.cap_cur_fline
                0x000000000002a318       0x88 miscutils/lib.a(less.o)
 .text.re_wrap  0x000000000002a3a0      0x208 miscutils/lib.a(less.o)
 .text.less_exit
                0x000000000002a5a8        0xc miscutils/lib.a(less.o)
 .text.update_num_lines
                0x000000000002a5b4      0x13c miscutils/lib.a(less.o)
 .text.m_status_print
                0x000000000002a6f0      0x148 miscutils/lib.a(less.o)
 .text.status_print
                0x000000000002a838       0x94 miscutils/lib.a(less.o)
 .text.buffer_print
                0x000000000002a8cc      0x37c miscutils/lib.a(less.o)
 .text.buffer_fill_and_print
                0x000000000002ac48       0xcc miscutils/lib.a(less.o)
 .text.reinitialize
                0x000000000002ad14       0xc4 miscutils/lib.a(less.o)
 .text.change_file
                0x000000000002add8       0x80 miscutils/lib.a(less.o)
 .text.buffer_down
                0x000000000002ae58       0x4c miscutils/lib.a(less.o)
 .text.buffer_up
                0x000000000002aea4       0x4c miscutils/lib.a(less.o)
 .text.buffer_to_line
                0x000000000002aef0       0x48 miscutils/lib.a(less.o)
 .text.goto_match
                0x000000000002af38       0x90 miscutils/lib.a(less.o)
 .text.getch_nowait
                0x000000000002afc8      0x160 miscutils/lib.a(less.o)
 .text.less_getch
                0x000000000002b128       0x44 miscutils/lib.a(less.o)
 .text.less_gets
                0x000000000002b16c       0xe0 miscutils/lib.a(less.o)
 .text.examine_file
                0x000000000002b24c       0x88 miscutils/lib.a(less.o)
 .text.regex_process
                0x000000000002b2d4      0x12c miscutils/lib.a(less.o)
 .text.less_main
                0x000000000002b400      0xaac miscutils/lib.a(less.o)
                0x000000000002b400                less_main
 .text.get_line
                0x000000000002beac       0x40 miscutils/lib.a(lsscsi.o)
 .text.lsscsi_main
                0x000000000002beec      0x1d0 miscutils/lib.a(lsscsi.o)
                0x000000000002beec                lsscsi_main
 .text.makedevs_main
                0x000000000002c0bc      0x460 miscutils/lib.a(makedevs.o)
                0x000000000002c0bc                makedevs_main
 .text.if_redefined
                0x000000000002c51c       0x68 miscutils/lib.a(man.o)
 .text.add_MANPATH
                0x000000000002c584       0xd0 miscutils/lib.a(man.o)
 .text.is_section_name
                0x000000000002c654       0x44 miscutils/lib.a(man.o)
 .text.run_pipe
                0x000000000002c698      0x1dc miscutils/lib.a(man.o)
 .text.show_manpage
                0x000000000002c874       0xec miscutils/lib.a(man.o)
 .text.man_main
                0x000000000002c960      0x474 miscutils/lib.a(man.o)
                0x000000000002c960                man_main
 .text.microcom_main
                0x000000000002cdd4      0x344 miscutils/lib.a(microcom.o)
                0x000000000002cdd4                microcom_main
 .text.mt_main  0x000000000002d118      0x150 miscutils/lib.a(mt.o)
                0x000000000002d118                mt_main
 .text.next_good_eraseblock
                0x000000000002d268       0xf4 miscutils/lib.a(nandwrite.o)
 .text.dump_bad
                0x000000000002d35c       0xdc miscutils/lib.a(nandwrite.o)
 .text.nandwrite_main
                0x000000000002d438      0x510 miscutils/lib.a(nandwrite.o)
                0x000000000002d438                nandwrite_main
 .text.partprobe_main
                0x000000000002d948       0x74 miscutils/lib.a(partprobe.o)
                0x000000000002d948                partprobe_main
 .text.raidautorun_main
                0x000000000002d9bc       0x34 miscutils/lib.a(raidautorun.o)
                0x000000000002d9bc                raidautorun_main
 .text.readahead_main
                0x000000000002d9f0       0x98 miscutils/lib.a(readahead.o)
                0x000000000002d9f0                readahead_main
 .text.runlevel_main
                0x000000000002da88       0x7c miscutils/lib.a(runlevel.o)
                0x000000000002da88                runlevel_main
 .text.sigalrm_handler
                0x000000000002db04        0x4 miscutils/lib.a(rx.o)
 .text.read_byte
                0x000000000002db08       0x74 miscutils/lib.a(rx.o)
 .text.rx_main  0x000000000002db7c      0x400 miscutils/lib.a(rx.o)
                0x000000000002db7c                rx_main
 .text.seedrng_main
                0x000000000002df7c      0x420 miscutils/lib.a(seedrng.o)
                0x000000000002df7c                seedrng_main
 .text.setfattr_main
                0x000000000002e39c      0x134 miscutils/lib.a(setfattr.o)
                0x000000000002e39c                setfattr_main
 .text.index_in_strings_case_insensitive
                0x000000000002e4d0       0x58 miscutils/lib.a(setserial.o)
 .text.get_numeric
                0x000000000002e528       0x18 miscutils/lib.a(setserial.o)
 .text.setserial_main
                0x000000000002e540      0x650 miscutils/lib.a(setserial.o)
                0x000000000002e540                setserial_main
 .text.strings_main
                0x000000000002eb90      0x214 miscutils/lib.a(strings.o)
                0x000000000002eb90                strings_main
 .text.run_command
                0x000000000002eda4       0xf4 miscutils/lib.a(time.o)
 .text.time_main
                0x000000000002ee98      0x4b8 miscutils/lib.a(time.o)
                0x000000000002ee98                time_main
 .text.tree_print
                0x000000000002f350      0x228 miscutils/lib.a(tree.o)
 .text.tree_main
                0x000000000002f578       0xa4 miscutils/lib.a(tree.o)
                0x000000000002f578                tree_main
 .text.ts_main  0x000000000002f61c      0x1f4 miscutils/lib.a(ts.o)
                0x000000000002f61c                ts_main
 .text.ttysize_main
                0x000000000002f810      0x11c miscutils/lib.a(ttysize.o)
                0x000000000002f810                ttysize_main
 .text.get_num_from_file
                0x000000000002f92c       0xb4 miscutils/lib.a(ubi_tools.o)
 .text.ubi_tools_main
                0x000000000002f9e0      0x4e8 miscutils/lib.a(ubi_tools.o)
                0x000000000002f9e0                ubi_tools_main
 .text.ubirename_main
                0x000000000002fec8      0x118 miscutils/lib.a(ubirename.o)
                0x000000000002fec8                ubirename_main
 .text.volname_main
                0x000000000002ffe0       0xac miscutils/lib.a(volname.o)
                0x000000000002ffe0                volname_main
 .text.shutdown_on_signal
                0x000000000003008c       0x30 miscutils/lib.a(watchdog.o)
 .text.watchdog_main
                0x00000000000300bc      0x140 miscutils/lib.a(watchdog.o)
                0x00000000000300bc                watchdog_main
 .text.display  0x00000000000301fc       0x74 modutils/lib.a(modinfo.o)
 .text.modinfo  0x0000000000030270      0x214 modutils/lib.a(modinfo.o)
 .text.modinfo_main